Archive member included to satisfy reference by file (symbol)

/opt/st/stm32cubeide_1.11.2/plugins/com.st.stm32cube.ide.mcu.externaltools.gnu-tools-for-stm32.10.3-2021.10.linux64_1.0.100.202210260954/tools/bin/../lib/gcc/arm-none-eabi/10.3.1/../../../../arm-none-eabi/lib/thumb/v7e-m+fp/hard/libc_nano.a(lib_a-errno.o)
                              ./Core/Src/syscalls.o (__errno)
/opt/st/stm32cubeide_1.11.2/plugins/com.st.stm32cube.ide.mcu.externaltools.gnu-tools-for-stm32.10.3-2021.10.linux64_1.0.100.202210260954/tools/bin/../lib/gcc/arm-none-eabi/10.3.1/../../../../arm-none-eabi/lib/thumb/v7e-m+fp/hard/libc_nano.a(lib_a-exit.o)
                              /opt/st/stm32cubeide_1.11.2/plugins/com.st.stm32cube.ide.mcu.externaltools.gnu-tools-for-stm32.10.3-2021.10.linux64_1.0.100.202210260954/tools/bin/../lib/gcc/arm-none-eabi/10.3.1/../../../../arm-none-eabi/lib/thumb/v7e-m+fp/hard/crt0.o (exit)
/opt/st/stm32cubeide_1.11.2/plugins/com.st.stm32cube.ide.mcu.externaltools.gnu-tools-for-stm32.10.3-2021.10.linux64_1.0.100.202210260954/tools/bin/../lib/gcc/arm-none-eabi/10.3.1/../../../../arm-none-eabi/lib/thumb/v7e-m+fp/hard/libc_nano.a(lib_a-impure.o)
                              /opt/st/stm32cubeide_1.11.2/plugins/com.st.stm32cube.ide.mcu.externaltools.gnu-tools-for-stm32.10.3-2021.10.linux64_1.0.100.202210260954/tools/bin/../lib/gcc/arm-none-eabi/10.3.1/../../../../arm-none-eabi/lib/thumb/v7e-m+fp/hard/libc_nano.a(lib_a-exit.o) (_global_impure_ptr)
/opt/st/stm32cubeide_1.11.2/plugins/com.st.stm32cube.ide.mcu.externaltools.gnu-tools-for-stm32.10.3-2021.10.linux64_1.0.100.202210260954/tools/bin/../lib/gcc/arm-none-eabi/10.3.1/../../../../arm-none-eabi/lib/thumb/v7e-m+fp/hard/libc_nano.a(lib_a-init.o)
                              /opt/st/stm32cubeide_1.11.2/plugins/com.st.stm32cube.ide.mcu.externaltools.gnu-tools-for-stm32.10.3-2021.10.linux64_1.0.100.202210260954/tools/bin/../lib/gcc/arm-none-eabi/10.3.1/../../../../arm-none-eabi/lib/thumb/v7e-m+fp/hard/crt0.o (__libc_init_array)
/opt/st/stm32cubeide_1.11.2/plugins/com.st.stm32cube.ide.mcu.externaltools.gnu-tools-for-stm32.10.3-2021.10.linux64_1.0.100.202210260954/tools/bin/../lib/gcc/arm-none-eabi/10.3.1/../../../../arm-none-eabi/lib/thumb/v7e-m+fp/hard/libc_nano.a(lib_a-memset.o)
                              /opt/st/stm32cubeide_1.11.2/plugins/com.st.stm32cube.ide.mcu.externaltools.gnu-tools-for-stm32.10.3-2021.10.linux64_1.0.100.202210260954/tools/bin/../lib/gcc/arm-none-eabi/10.3.1/../../../../arm-none-eabi/lib/thumb/v7e-m+fp/hard/crt0.o (memset)
/opt/st/stm32cubeide_1.11.2/plugins/com.st.stm32cube.ide.mcu.externaltools.gnu-tools-for-stm32.10.3-2021.10.linux64_1.0.100.202210260954/tools/bin/../lib/gcc/arm-none-eabi/10.3.1/thumb/v7e-m+fp/hard/libgcc.a(_aeabi_uldivmod.o)
                              ./Drivers/STM32F4xx_HAL_Driver/Src/stm32f4xx_hal_rcc.o (__aeabi_uldivmod)
/opt/st/stm32cubeide_1.11.2/plugins/com.st.stm32cube.ide.mcu.externaltools.gnu-tools-for-stm32.10.3-2021.10.linux64_1.0.100.202210260954/tools/bin/../lib/gcc/arm-none-eabi/10.3.1/thumb/v7e-m+fp/hard/libgcc.a(_udivmoddi4.o)
                              /opt/st/stm32cubeide_1.11.2/plugins/com.st.stm32cube.ide.mcu.externaltools.gnu-tools-for-stm32.10.3-2021.10.linux64_1.0.100.202210260954/tools/bin/../lib/gcc/arm-none-eabi/10.3.1/thumb/v7e-m+fp/hard/libgcc.a(_aeabi_uldivmod.o) (__udivmoddi4)
/opt/st/stm32cubeide_1.11.2/plugins/com.st.stm32cube.ide.mcu.externaltools.gnu-tools-for-stm32.10.3-2021.10.linux64_1.0.100.202210260954/tools/bin/../lib/gcc/arm-none-eabi/10.3.1/thumb/v7e-m+fp/hard/libgcc.a(_dvmd_tls.o)
                              /opt/st/stm32cubeide_1.11.2/plugins/com.st.stm32cube.ide.mcu.externaltools.gnu-tools-for-stm32.10.3-2021.10.linux64_1.0.100.202210260954/tools/bin/../lib/gcc/arm-none-eabi/10.3.1/thumb/v7e-m+fp/hard/libgcc.a(_aeabi_uldivmod.o) (__aeabi_ldiv0)

Discarded input sections

 .group         0x0000000000000000        0xc ./Core/Src/Dev_Inf.o
 .group         0x0000000000000000        0xc ./Core/Src/Dev_Inf.o
 .group         0x0000000000000000        0xc ./Core/Src/Dev_Inf.o
 .group         0x0000000000000000        0xc ./Core/Src/Dev_Inf.o
 .group         0x0000000000000000        0xc ./Core/Src/Dev_Inf.o
 .group         0x0000000000000000        0xc ./Core/Src/Dev_Inf.o
 .group         0x0000000000000000        0xc ./Core/Src/Dev_Inf.o
 .group         0x0000000000000000        0xc ./Core/Src/Dev_Inf.o
 .group         0x0000000000000000        0xc ./Core/Src/Dev_Inf.o
 .group         0x0000000000000000        0xc ./Core/Src/Dev_Inf.o
 .group         0x0000000000000000        0xc ./Core/Src/Dev_Inf.o
 .group         0x0000000000000000        0xc ./Core/Src/Dev_Inf.o
 .group         0x0000000000000000        0xc ./Core/Src/Dev_Inf.o
 .group         0x0000000000000000        0xc ./Core/Src/Dev_Inf.o
 .group         0x0000000000000000        0xc ./Core/Src/Dev_Inf.o
 .group         0x0000000000000000        0xc ./Core/Src/Dev_Inf.o
[...]
Memory Configuration

Name             Origin             Length             Attributes
RAM              0x0000000020000004 0x0000000000020000 xrw
*default*        0x0000000000000000 0xffffffffffffffff

Linker script and memory map

LOAD /opt/st/stm32cubeide_1.11.2/plugins/com.st.stm32cube.ide.mcu.externaltools.gnu-tools-for-stm32.10.3-2021.10.linux64_1.0.100.202210260954/tools/bin/../lib/gcc/arm-none-eabi/10.3.1/thumb/v7e-m+fp/hard/crti.o
LOAD /opt/st/stm32cubeide_1.11.2/plugins/com.st.stm32cube.ide.mcu.externaltools.gnu-tools-for-stm32.10.3-2021.10.linux64_1.0.100.202210260954/tools/bin/../lib/gcc/arm-none-eabi/10.3.1/thumb/v7e-m+fp/hard/crtbegin.o
LOAD /opt/st/stm32cubeide_1.11.2/plugins/com.st.stm32cube.ide.mcu.externaltools.gnu-tools-for-stm32.10.3-2021.10.linux64_1.0.100.202210260954/tools/bin/../lib/gcc/arm-none-eabi/10.3.1/../../../../arm-none-eabi/lib/thumb/v7e-m+fp/hard/crt0.o
LOAD ./Core/Src/Dev_Inf.o
LOAD ./Core/Src/Loader_Src.o
LOAD ./Core/Src/gpio.o
LOAD ./Core/Src/main.o
LOAD ./Core/Src/spi.o
LOAD ./Core/Src/stm32f4xx_hal_msp.o
LOAD ./Core/Src/stm32f4xx_it.o
LOAD ./Core/Src/syscalls.o
LOAD ./Core/Src/sysmem.o
LOAD ./Core/Src/system_stm32f4xx.o
LOAD ./Core/Src/z_flash_W25QXXX.o
LOAD ./Core/Startup/startup_stm32f446retx.o
LOAD ./Drivers/STM32F4xx_HAL_Driver/Src/stm32f4xx_hal.o
LOAD ./Drivers/STM32F4xx_HAL_Driver/Src/stm32f4xx_hal_cortex.o
LOAD ./Drivers/STM32F4xx_HAL_Driver/Src/stm32f4xx_hal_dma.o
LOAD ./Drivers/STM32F4xx_HAL_Driver/Src/stm32f4xx_hal_dma_ex.o
LOAD ./Drivers/STM32F4xx_HAL_Driver/Src/stm32f4xx_hal_exti.o
LOAD ./Drivers/STM32F4xx_HAL_Driver/Src/stm32f4xx_hal_flash.o
LOAD ./Drivers/STM32F4xx_HAL_Driver/Src/stm32f4xx_hal_flash_ex.o
LOAD ./Drivers/STM32F4xx_HAL_Driver/Src/stm32f4xx_hal_flash_ramfunc.o
LOAD ./Drivers/STM32F4xx_HAL_Driver/Src/stm32f4xx_hal_gpio.o
LOAD ./Drivers/STM32F4xx_HAL_Driver/Src/stm32f4xx_hal_pwr.o
LOAD ./Drivers/STM32F4xx_HAL_Driver/Src/stm32f4xx_hal_pwr_ex.o
LOAD ./Drivers/STM32F4xx_HAL_Driver/Src/stm32f4xx_hal_rcc.o
LOAD ./Drivers/STM32F4xx_HAL_Driver/Src/stm32f4xx_hal_rcc_ex.o
LOAD ./Drivers/STM32F4xx_HAL_Driver/Src/stm32f4xx_hal_spi.o
LOAD ./Drivers/STM32F4xx_HAL_Driver/Src/stm32f4xx_hal_tim.o
LOAD ./Drivers/STM32F4xx_HAL_Driver/Src/stm32f4xx_hal_tim_ex.o
START GROUP
LOAD /opt/st/stm32cubeide_1.11.2/plugins/com.st.stm32cube.ide.mcu.externaltools.gnu-tools-for-stm32.10.3-2021.10.linux64_1.0.100.202210260954/tools/bin/../lib/gcc/arm-none-eabi/10.3.1/../../../../arm-none-eabi/lib/thumb/v7e-m+fp/hard/libc_nano.a
LOAD /opt/st/stm32cubeide_1.11.2/plugins/com.st.stm32cube.ide.mcu.externaltools.gnu-tools-for-stm32.10.3-2021.10.linux64_1.0.100.202210260954/tools/bin/../lib/gcc/arm-none-eabi/10.3.1/../../../../arm-none-eabi/lib/thumb/v7e-m+fp/hard/libm.a
END GROUP
START GROUP
LOAD /opt/st/stm32cubeide_1.11.2/plugins/com.st.stm32cube.ide.mcu.externaltools.gnu-tools-for-stm32.10.3-2021.10.linux64_1.0.100.202210260954/tools/bin/../lib/gcc/arm-none-eabi/10.3.1/thumb/v7e-m+fp/hard/libgcc.a
LOAD /opt/st/stm32cubeide_1.11.2/plugins/com.st.stm32cube.ide.mcu.externaltools.gnu-tools-for-stm32.10.3-2021.10.linux64_1.0.100.202210260954/tools/bin/../lib/gcc/arm-none-eabi/10.3.1/../../../../arm-none-eabi/lib/thumb/v7e-m+fp/hard/libc_nano.a
END GROUP
START GROUP
LOAD /opt/st/stm32cubeide_1.11.2/plugins/com.st.stm32cube.ide.mcu.externaltools.gnu-tools-for-stm32.10.3-2021.10.linux64_1.0.100.202210260954/tools/bin/../lib/gcc/arm-none-eabi/10.3.1/thumb/v7e-m+fp/hard/libgcc.a
LOAD /opt/st/stm32cubeide_1.11.2/plugins/com.st.stm32cube.ide.mcu.externaltools.gnu-tools-for-stm32.10.3-2021.10.linux64_1.0.100.202210260954/tools/bin/../lib/gcc/arm-none-eabi/10.3.1/../../../../arm-none-eabi/lib/thumb/v7e-m+fp/hard/libc_nano.a
LOAD /opt/st/stm32cubeide_1.11.2/plugins/com.st.stm32cube.ide.mcu.externaltools.gnu-tools-for-stm32.10.3-2021.10.linux64_1.0.100.202210260954/tools/bin/../lib/gcc/arm-none-eabi/10.3.1/../../../../arm-none-eabi/lib/thumb/v7e-m+fp/hard/libnosys.a
END GROUP
START GROUP
LOAD /opt/st/stm32cubeide_1.11.2/plugins/com.st.stm32cube.ide.mcu.externaltools.gnu-tools-for-stm32.10.3-2021.10.linux64_1.0.100.202210260954/tools/bin/../lib/gcc/arm-none-eabi/10.3.1/thumb/v7e-m+fp/hard/libgcc.a
LOAD /opt/st/stm32cubeide_1.11.2/plugins/com.st.stm32cube.ide.mcu.externaltools.gnu-tools-for-stm32.10.3-2021.10.linux64_1.0.100.202210260954/tools/bin/../lib/gcc/arm-none-eabi/10.3.1/../../../../arm-none-eabi/lib/thumb/v7e-m+fp/hard/libc_nano.a
LOAD /opt/st/stm32cubeide_1.11.2/plugins/com.st.stm32cube.ide.mcu.externaltools.gnu-tools-for-stm32.10.3-2021.10.linux64_1.0.100.202210260954/tools/bin/../lib/gcc/arm-none-eabi/10.3.1/../../../../arm-none-eabi/lib/thumb/v7e-m+fp/hard/libnosys.a
END GROUP
LOAD /opt/st/stm32cubeide_1.11.2/plugins/com.st.stm32cube.ide.mcu.externaltools.gnu-tools-for-stm32.10.3-2021.10.linux64_1.0.100.202210260954/tools/bin/../lib/gcc/arm-none-eabi/10.3.1/thumb/v7e-m+fp/hard/crtend.o
LOAD /opt/st/stm32cubeide_1.11.2/plugins/com.st.stm32cube.ide.mcu.externaltools.gnu-tools-for-stm32.10.3-2021.10.linux64_1.0.100.202210260954/tools/bin/../lib/gcc/arm-none-eabi/10.3.1/thumb/v7e-m+fp/hard/crtn.o
                0x0000000020020004                _estack = (ORIGIN (RAM) + LENGTH (RAM))
                0x0000000000000200                _Min_Heap_Size = 0x200
                0x0000000000000400                _Min_Stack_Size = 0x400

.isr_vector     0x0000000020000004      0x3c0
                0x0000000020000200                . = (. + 0x1fc)
 *fill*         0x0000000020000004      0x1fc 
                0x0000000020000200                . = ALIGN (0x4)
 *(.isr_vector)
 .isr_vector    0x0000000020000200      0x1c4 ./Core/Startup/startup_stm32f446retx.o
                0x0000000020000200                g_pfnVectors
                0x00000000200003c4                . = ALIGN (0x4)

.ARM.extab      0x00000000200003c4        0x0
 *(.ARM.extab* .gnu.linkonce.armextab.*)
 .ARM.extab     0x00000000200003c4        0x0 /opt/st/stm32cubeide_1.11.2/plugins/com.st.stm32cube.ide.mcu.externaltools.gnu-tools-for-stm32.10.3-2021.10.linux64_1.0.100.202210260954/tools/bin/../lib/gcc/arm-none-eabi/10.3.1/../../../../arm-none-eabi/lib/thumb/v7e-m+fp/hard/crt0.o
 .ARM.extab     0x00000000200003c4        0x0 /opt/st/stm32cubeide_1.11.2/plugins/com.st.stm32cube.ide.mcu.externaltools.gnu-tools-for-stm32.10.3-2021.10.linux64_1.0.100.202210260954/tools/bin/../lib/gcc/arm-none-eabi/10.3.1/thumb/v7e-m+fp/hard/libgcc.a(_udivmoddi4.o)

.ARM            0x00000000200003c4        0x8
                0x00000000200003c4                __exidx_start = .
 *(.ARM.exidx*)
 .ARM.exidx     0x00000000200003c4        0x8 /opt/st/stm32cubeide_1.11.2/plugins/com.st.stm32cube.ide.mcu.externaltools.gnu-tools-for-stm32.10.3-2021.10.linux64_1.0.100.202210260954/tools/bin/../lib/gcc/arm-none-eabi/10.3.1/../../../../arm-none-eabi/lib/thumb/v7e-m+fp/hard/crt0.o
                                         0x10 (size before relaxing)
 .ARM.exidx     0x00000000200003cc        0x0 /opt/st/stm32cubeide_1.11.2/plugins/com.st.stm32cube.ide.mcu.externaltools.gnu-tools-for-stm32.10.3-2021.10.linux64_1.0.100.202210260954/tools/bin/../lib/gcc/arm-none-eabi/10.3.1/thumb/v7e-m+fp/hard/libgcc.a(_udivmoddi4.o)
                                          0x8 (size before relaxing)
                0x00000000200003cc                __exidx_end = .

.preinit_array  0x00000000200003cc        0x0
                0x00000000200003cc                PROVIDE (__preinit_array_start = .)
 *(.preinit_array*)
                0x00000000200003cc                PROVIDE (__preinit_array_end = .)

.init_array     0x00000000200003cc        0x4
                0x00000000200003cc                PROVIDE (__init_array_start = .)
 *(SORT_BY_NAME(.init_array.*))
 *(.init_array*)
 .init_array    0x00000000200003cc        0x4 /opt/st/stm32cubeide_1.11.2/plugins/com.st.stm32cube.ide.mcu.externaltools.gnu-tools-for-stm32.10.3-2021.10.linux64_1.0.100.202210260954/tools/bin/../lib/gcc/arm-none-eabi/10.3.1/thumb/v7e-m+fp/hard/crtbegin.o
                0x00000000200003d0                PROVIDE (__init_array_end = .)

.fini_array     0x00000000200003d0        0x4
                [!provide]                        PROVIDE (__fini_array_start = .)
 *(SORT_BY_NAME(.fini_array.*))
 *(.fini_array*)
 .fini_array    0x00000000200003d0        0x4 /opt/st/stm32cubeide_1.11.2/plugins/com.st.stm32cube.ide.mcu.externaltools.gnu-tools-for-stm32.10.3-2021.10.linux64_1.0.100.202210260954/tools/bin/../lib/gcc/arm-none-eabi/10.3.1/thumb/v7e-m+fp/hard/crtbegin.o
                [!provide]                        PROVIDE (__fini_array_end = .)
                0x00000000200003d4                _sidata = LOADADDR (.data)

.data           0x00000000200003d4       0x78
                0x00000000200003d4                . = ALIGN (0x4)
                0x00000000200003d4                _sdata = .
 *(.data)
 .data          0x00000000200003d4        0x0 /opt/st/stm32cubeide_1.11.2/plugins/com.st.stm32cube.ide.mcu.externaltools.gnu-tools-for-stm32.10.3-2021.10.linux64_1.0.100.202210260954/tools/bin/../lib/gcc/arm-none-eabi/10.3.1/thumb/v7e-m+fp/hard/crti.o
 .data          0x00000000200003d4        0x4 /opt/st/stm32cubeide_1.11.2/plugins/com.st.stm32cube.ide.mcu.externaltools.gnu-tools-for-stm32.10.3-2021.10.linux64_1.0.100.202210260954/tools/bin/../lib/gcc/arm-none-eabi/10.3.1/thumb/v7e-m+fp/hard/crtbegin.o
                0x00000000200003d4                __dso_handle
 .data          0x00000000200003d8        0x0 /opt/st/stm32cubeide_1.11.2/plugins/com.st.stm32cube.ide.mcu.externaltools.gnu-tools-for-stm32.10.3-2021.10.linux64_1.0.100.202210260954/tools/bin/../lib/gcc/arm-none-eabi/10.3.1/../../../../arm-none-eabi/lib/thumb/v7e-m+fp/hard/crt0.o
 .data          0x00000000200003d8        0x0 ./Core/Src/Dev_Inf.o
 .data          0x00000000200003d8        0x0 ./Core/Src/Loader_Src.o
 .data          0x00000000200003d8        0x0 ./Core/Src/gpio.o
 .data          0x00000000200003d8        0x0 ./Core/Src/main.o
 .data          0x00000000200003d8        0x0 ./Core/Src/spi.o
 .data          0x00000000200003d8        0x0 ./Core/Src/stm32f4xx_hal_msp.o
 .data          0x00000000200003d8        0x0 ./Core/Src/stm32f4xx_it.o
 .data          0x00000000200003d8        0x0 ./Core/Src/syscalls.o
 .data          0x00000000200003d8        0x0 ./Core/Src/sysmem.o
 .data          0x00000000200003d8        0x0 ./Core/Src/system_stm32f4xx.o
 .data          0x00000000200003d8        0x0 ./Core/Src/z_flash_W25QXXX.o
 .data          0x00000000200003d8        0x0 ./Core/Startup/startup_stm32f446retx.o
 .data          0x00000000200003d8        0x0 ./Drivers/STM32F4xx_HAL_Driver/Src/stm32f4xx_hal.o
 .data          0x00000000200003d8        0x0 ./Drivers/STM32F4xx_HAL_Driver/Src/stm32f4xx_hal_cortex.o
 .data          0x00000000200003d8        0x0 ./Drivers/STM32F4xx_HAL_Driver/Src/stm32f4xx_hal_dma.o
 .data          0x00000000200003d8        0x0 ./Drivers/STM32F4xx_HAL_Driver/Src/stm32f4xx_hal_dma_ex.o
 .data          0x00000000200003d8        0x0 ./Drivers/STM32F4xx_HAL_Driver/Src/stm32f4xx_hal_exti.o
 .data          0x00000000200003d8        0x0 ./Drivers/STM32F4xx_HAL_Driver/Src/stm32f4xx_hal_flash.o
 .data          0x00000000200003d8        0x0 ./Drivers/STM32F4xx_HAL_Driver/Src/stm32f4xx_hal_flash_ex.o
 .data          0x00000000200003d8        0x0 ./Drivers/STM32F4xx_HAL_Driver/Src/stm32f4xx_hal_flash_ramfunc.o
 .data          0x00000000200003d8        0x0 ./Drivers/STM32F4xx_HAL_Driver/Src/stm32f4xx_hal_gpio.o
 .data          0x00000000200003d8        0x0 ./Drivers/STM32F4xx_HAL_Driver/Src/stm32f4xx_hal_pwr.o
 .data          0x00000000200003d8        0x0 ./Drivers/STM32F4xx_HAL_Driver/Src/stm32f4xx_hal_pwr_ex.o
 .data          0x00000000200003d8        0x0 ./Drivers/STM32F4xx_HAL_Driver/Src/stm32f4xx_hal_rcc.o
 .data          0x00000000200003d8        0x0 ./Drivers/STM32F4xx_HAL_Driver/Src/stm32f4xx_hal_rcc_ex.o
 .data          0x00000000200003d8        0x0 ./Drivers/STM32F4xx_HAL_Driver/Src/stm32f4xx_hal_spi.o
 .data          0x00000000200003d8        0x0 ./Drivers/STM32F4xx_HAL_Driver/Src/stm32f4xx_hal_tim.o
 .data          0x00000000200003d8        0x0 ./Drivers/STM32F4xx_HAL_Driver/Src/stm32f4xx_hal_tim_ex.o
 .data          0x00000000200003d8        0x0 /opt/st/stm32cubeide_1.11.2/plugins/com.st.stm32cube.ide.mcu.externaltools.gnu-tools-for-stm32.10.3-2021.10.linux64_1.0.100.202210260954/tools/bin/../lib/gcc/arm-none-eabi/10.3.1/../../../../arm-none-eabi/lib/thumb/v7e-m+fp/hard/libc_nano.a(lib_a-errno.o)
 .data          0x00000000200003d8        0x0 /opt/st/stm32cubeide_1.11.2/plugins/com.st.stm32cube.ide.mcu.externaltools.gnu-tools-for-stm32.10.3-2021.10.linux64_1.0.100.202210260954/tools/bin/../lib/gcc/arm-none-eabi/10.3.1/../../../../arm-none-eabi/lib/thumb/v7e-m+fp/hard/libc_nano.a(lib_a-exit.o)
 .data          0x00000000200003d8        0x0 /opt/st/stm32cubeide_1.11.2/plugins/com.st.stm32cube.ide.mcu.externaltools.gnu-tools-for-stm32.10.3-2021.10.linux64_1.0.100.202210260954/tools/bin/../lib/gcc/arm-none-eabi/10.3.1/../../../../arm-none-eabi/lib/thumb/v7e-m+fp/hard/libc_nano.a(lib_a-impure.o)
 .data          0x00000000200003d8        0x0 /opt/st/stm32cubeide_1.11.2/plugins/com.st.stm32cube.ide.mcu.externaltools.gnu-tools-for-stm32.10.3-2021.10.linux64_1.0.100.202210260954/tools/bin/../lib/gcc/arm-none-eabi/10.3.1/../../../../arm-none-eabi/lib/thumb/v7e-m+fp/hard/libc_nano.a(lib_a-init.o)
 .data          0x00000000200003d8        0x0 /opt/st/stm32cubeide_1.11.2/plugins/com.st.stm32cube.ide.mcu.externaltools.gnu-tools-for-stm32.10.3-2021.10.linux64_1.0.100.202210260954/tools/bin/../lib/gcc/arm-none-eabi/10.3.1/../../../../arm-none-eabi/lib/thumb/v7e-m+fp/hard/libc_nano.a(lib_a-memset.o)
 .data          0x00000000200003d8        0x0 /opt/st/stm32cubeide_1.11.2/plugins/com.st.stm32cube.ide.mcu.externaltools.gnu-tools-for-stm32.10.3-2021.10.linux64_1.0.100.202210260954/tools/bin/../lib/gcc/arm-none-eabi/10.3.1/thumb/v7e-m+fp/hard/libgcc.a(_aeabi_uldivmod.o)
 .data          0x00000000200003d8        0x0 /opt/st/stm32cubeide_1.11.2/plugins/com.st.stm32cube.ide.mcu.externaltools.gnu-tools-for-stm32.10.3-2021.10.linux64_1.0.100.202210260954/tools/bin/../lib/gcc/arm-none-eabi/10.3.1/thumb/v7e-m+fp/hard/libgcc.a(_udivmoddi4.o)
 .data          0x00000000200003d8        0x0 /opt/st/stm32cubeide_1.11.2/plugins/com.st.stm32cube.ide.mcu.externaltools.gnu-tools-for-stm32.10.3-2021.10.linux64_1.0.100.202210260954/tools/bin/../lib/gcc/arm-none-eabi/10.3.1/thumb/v7e-m+fp/hard/libgcc.a(_dvmd_tls.o)
 .data          0x00000000200003d8        0x0 /opt/st/stm32cubeide_1.11.2/plugins/com.st.stm32cube.ide.mcu.externaltools.gnu-tools-for-stm32.10.3-2021.10.linux64_1.0.100.202210260954/tools/bin/../lib/gcc/arm-none-eabi/10.3.1/thumb/v7e-m+fp/hard/crtend.o
 .data          0x00000000200003d8        0x0 /opt/st/stm32cubeide_1.11.2/plugins/com.st.stm32cube.ide.mcu.externaltools.gnu-tools-for-stm32.10.3-2021.10.linux64_1.0.100.202210260954/tools/bin/../lib/gcc/arm-none-eabi/10.3.1/thumb/v7e-m+fp/hard/crtn.o
 *(.data*)
 .data.environ  0x00000000200003d8        0x4 ./Core/Src/syscalls.o
                0x00000000200003d8                environ
 .data.SystemCoreClock
                0x00000000200003dc        0x4 ./Core/Src/system_stm32f4xx.o
                0x00000000200003dc                SystemCoreClock
 .data.uwTickPrio
                0x00000000200003e0        0x4 ./Drivers/STM32F4xx_HAL_Driver/Src/stm32f4xx_hal.o
                0x00000000200003e0                uwTickPrio
 .data.uwTickFreq
                0x00000000200003e4        0x1 ./Drivers/STM32F4xx_HAL_Driver/Src/stm32f4xx_hal.o
                0x00000000200003e4                uwTickFreq
 *fill*         0x00000000200003e5        0x3 
 .data._impure_ptr
                0x00000000200003e8        0x4 /opt/st/stm32cubeide_1.11.2/plugins/com.st.stm32cube.ide.mcu.externaltools.gnu-tools-for-stm32.10.3-2021.10.linux64_1.0.100.202210260954/tools/bin/../lib/gcc/arm-none-eabi/10.3.1/../../../../arm-none-eabi/lib/thumb/v7e-m+fp/hard/libc_nano.a(lib_a-impure.o)
                0x00000000200003e8                _impure_ptr
 .data.impure_data
                0x00000000200003ec       0x60 /opt/st/stm32cubeide_1.11.2/plugins/com.st.stm32cube.ide.mcu.externaltools.gnu-tools-for-stm32.10.3-2021.10.linux64_1.0.100.202210260954/tools/bin/../lib/gcc/arm-none-eabi/10.3.1/../../../../arm-none-eabi/lib/thumb/v7e-m+fp/hard/libc_nano.a(lib_a-impure.o)
                0x000000002000044c                . = ALIGN (0x4)
                0x000000002000044c                _edata = .

.igot.plt       0x000000002000044c        0x0
 .igot.plt      0x000000002000044c        0x0 /opt/st/stm32cubeide_1.11.2/plugins/com.st.stm32cube.ide.mcu.externaltools.gnu-tools-for-stm32.10.3-2021.10.linux64_1.0.100.202210260954/tools/bin/../lib/gcc/arm-none-eabi/10.3.1/thumb/v7e-m+fp/hard/crtbegin.o
                0x000000002000044c                . = ALIGN (0x4)

.bss            0x000000002000044c       0xa0
                0x000000002000044c                _sbss = .
                0x000000002000044c                __bss_start__ = _sbss
 *(.bss)
 .bss           0x000000002000044c        0x0 /opt/st/stm32cubeide_1.11.2/plugins/com.st.stm32cube.ide.mcu.externaltools.gnu-tools-for-stm32.10.3-2021.10.linux64_1.0.100.202210260954/tools/bin/../lib/gcc/arm-none-eabi/10.3.1/thumb/v7e-m+fp/hard/crti.o
 .bss           0x000000002000044c       0x1c /opt/st/stm32cubeide_1.11.2/plugins/com.st.stm32cube.ide.mcu.externaltools.gnu-tools-for-stm32.10.3-2021.10.linux64_1.0.100.202210260954/tools/bin/../lib/gcc/arm-none-eabi/10.3.1/thumb/v7e-m+fp/hard/crtbegin.o
 .bss           0x0000000020000468        0x0 /opt/st/stm32cubeide_1.11.2/plugins/com.st.stm32cube.ide.mcu.externaltools.gnu-tools-for-stm32.10.3-2021.10.linux64_1.0.100.202210260954/tools/bin/../lib/gcc/arm-none-eabi/10.3.1/../../../../arm-none-eabi/lib/thumb/v7e-m+fp/hard/crt0.o
 .bss           0x0000000020000468        0x0 ./Core/Src/Dev_Inf.o
 .bss           0x0000000020000468        0x0 ./Core/Src/Loader_Src.o
 .bss           0x0000000020000468        0x0 ./Core/Src/gpio.o
 .bss           0x0000000020000468        0x0 ./Core/Src/main.o
 .bss           0x0000000020000468        0x0 ./Core/Src/spi.o
 .bss           0x0000000020000468        0x0 ./Core/Src/stm32f4xx_hal_msp.o
 .bss           0x0000000020000468        0x0 ./Core/Src/stm32f4xx_it.o
 .bss           0x0000000020000468        0x0 ./Core/Src/syscalls.o
 .bss           0x0000000020000468        0x0 ./Core/Src/sysmem.o
 .bss           0x0000000020000468        0x0 ./Core/Src/system_stm32f4xx.o
 .bss           0x0000000020000468        0x0 ./Core/Src/z_flash_W25QXXX.o
 .bss           0x0000000020000468        0x0 ./Core/Startup/startup_stm32f446retx.o
 .bss           0x0000000020000468        0x0 ./Drivers/STM32F4xx_HAL_Driver/Src/stm32f4xx_hal.o
 .bss           0x0000000020000468        0x0 ./Drivers/STM32F4xx_HAL_Driver/Src/stm32f4xx_hal_cortex.o
 .bss           0x0000000020000468        0x0 ./Drivers/STM32F4xx_HAL_Driver/Src/stm32f4xx_hal_dma.o
 .bss           0x0000000020000468        0x0 ./Drivers/STM32F4xx_HAL_Driver/Src/stm32f4xx_hal_dma_ex.o
 .bss           0x0000000020000468        0x0 ./Drivers/STM32F4xx_HAL_Driver/Src/stm32f4xx_hal_exti.o
 .bss           0x0000000020000468        0x0 ./Drivers/STM32F4xx_HAL_Driver/Src/stm32f4xx_hal_flash.o
 .bss           0x0000000020000468        0x0 ./Drivers/STM32F4xx_HAL_Driver/Src/stm32f4xx_hal_flash_ex.o
 .bss           0x0000000020000468        0x0 ./Drivers/STM32F4xx_HAL_Driver/Src/stm32f4xx_hal_flash_ramfunc.o
 .bss           0x0000000020000468        0x0 ./Drivers/STM32F4xx_HAL_Driver/Src/stm32f4xx_hal_gpio.o
 .bss           0x0000000020000468        0x0 ./Drivers/STM32F4xx_HAL_Driver/Src/stm32f4xx_hal_pwr.o
 .bss           0x0000000020000468        0x0 ./Drivers/STM32F4xx_HAL_Driver/Src/stm32f4xx_hal_pwr_ex.o
 .bss           0x0000000020000468        0x0 ./Drivers/STM32F4xx_HAL_Driver/Src/stm32f4xx_hal_rcc.o
 .bss           0x0000000020000468        0x0 ./Drivers/STM32F4xx_HAL_Driver/Src/stm32f4xx_hal_rcc_ex.o
 .bss           0x0000000020000468        0x0 ./Drivers/STM32F4xx_HAL_Driver/Src/stm32f4xx_hal_spi.o
 .bss           0x0000000020000468        0x0 ./Drivers/STM32F4xx_HAL_Driver/Src/stm32f4xx_hal_tim.o
 .bss           0x0000000020000468        0x0 ./Drivers/STM32F4xx_HAL_Driver/Src/stm32f4xx_hal_tim_ex.o
 .bss           0x0000000020000468        0x0 /opt/st/stm32cubeide_1.11.2/plugins/com.st.stm32cube.ide.mcu.externaltools.gnu-tools-for-stm32.10.3-2021.10.linux64_1.0.100.202210260954/tools/bin/../lib/gcc/arm-none-eabi/10.3.1/../../../../arm-none-eabi/lib/thumb/v7e-m+fp/hard/libc_nano.a(lib_a-errno.o)
 .bss           0x0000000020000468        0x0 /opt/st/stm32cubeide_1.11.2/plugins/com.st.stm32cube.ide.mcu.externaltools.gnu-tools-for-stm32.10.3-2021.10.linux64_1.0.100.202210260954/tools/bin/../lib/gcc/arm-none-eabi/10.3.1/../../../../arm-none-eabi/lib/thumb/v7e-m+fp/hard/libc_nano.a(lib_a-exit.o)
 .bss           0x0000000020000468        0x0 /opt/st/stm32cubeide_1.11.2/plugins/com.st.stm32cube.ide.mcu.externaltools.gnu-tools-for-stm32.10.3-2021.10.linux64_1.0.100.202210260954/tools/bin/../lib/gcc/arm-none-eabi/10.3.1/../../../../arm-none-eabi/lib/thumb/v7e-m+fp/hard/libc_nano.a(lib_a-impure.o)
 .bss           0x0000000020000468        0x0 /opt/st/stm32cubeide_1.11.2/plugins/com.st.stm32cube.ide.mcu.externaltools.gnu-tools-for-stm32.10.3-2021.10.linux64_1.0.100.202210260954/tools/bin/../lib/gcc/arm-none-eabi/10.3.1/../../../../arm-none-eabi/lib/thumb/v7e-m+fp/hard/libc_nano.a(lib_a-init.o)
 .bss           0x0000000020000468        0x0 /opt/st/stm32cubeide_1.11.2/plugins/com.st.stm32cube.ide.mcu.externaltools.gnu-tools-for-stm32.10.3-2021.10.linux64_1.0.100.202210260954/tools/bin/../lib/gcc/arm-none-eabi/10.3.1/../../../../arm-none-eabi/lib/thumb/v7e-m+fp/hard/libc_nano.a(lib_a-memset.o)
 .bss           0x0000000020000468        0x0 /opt/st/stm32cubeide_1.11.2/plugins/com.st.stm32cube.ide.mcu.externaltools.gnu-tools-for-stm32.10.3-2021.10.linux64_1.0.100.202210260954/tools/bin/../lib/gcc/arm-none-eabi/10.3.1/thumb/v7e-m+fp/hard/libgcc.a(_aeabi_uldivmod.o)
 .bss           0x0000000020000468        0x0 /opt/st/stm32cubeide_1.11.2/plugins/com.st.stm32cube.ide.mcu.externaltools.gnu-tools-for-stm32.10.3-2021.10.linux64_1.0.100.202210260954/tools/bin/../lib/gcc/arm-none-eabi/10.3.1/thumb/v7e-m+fp/hard/libgcc.a(_udivmoddi4.o)
 .bss           0x0000000020000468        0x0 /opt/st/stm32cubeide_1.11.2/plugins/com.st.stm32cube.ide.mcu.externaltools.gnu-tools-for-stm32.10.3-2021.10.linux64_1.0.100.202210260954/tools/bin/../lib/gcc/arm-none-eabi/10.3.1/thumb/v7e-m+fp/hard/libgcc.a(_dvmd_tls.o)
 .bss           0x0000000020000468        0x0 /opt/st/stm32cubeide_1.11.2/plugins/com.st.stm32cube.ide.mcu.externaltools.gnu-tools-for-stm32.10.3-2021.10.linux64_1.0.100.202210260954/tools/bin/../lib/gcc/arm-none-eabi/10.3.1/thumb/v7e-m+fp/hard/crtend.o
 .bss           0x0000000020000468        0x0 /opt/st/stm32cubeide_1.11.2/plugins/com.st.stm32cube.ide.mcu.externaltools.gnu-tools-for-stm32.10.3-2021.10.linux64_1.0.100.202210260954/tools/bin/../lib/gcc/arm-none-eabi/10.3.1/thumb/v7e-m+fp/hard/crtn.o
 *(.bss*)
 .bss.hspi2     0x0000000020000468       0x58 ./Core/Src/spi.o
                0x0000000020000468                hspi2
 .bss.__env     0x00000000200004c0        0x4 ./Core/Src/syscalls.o
                0x00000000200004c0                __env
 .bss.__sbrk_heap_end
                0x00000000200004c4        0x4 ./Core/Src/sysmem.o
 .bss.uwTick    0x00000000200004c8        0x4 ./Drivers/STM32F4xx_HAL_Driver/Src/stm32f4xx_hal.o
                0x00000000200004c8                uwTick
 .bss.pFlash    0x00000000200004cc       0x20 ./Drivers/STM32F4xx_HAL_Driver/Src/stm32f4xx_hal_flash.o
                0x00000000200004cc                pFlash
 *(COMMON)
                0x00000000200004ec                . = ALIGN (0x4)
                0x00000000200004ec                _ebss = .
                0x00000000200004ec                __bss_end__ = _ebss

.text           0x00000000200004ec     0xae08
                0x00000000200004ec                . = ALIGN (0x4)
 *(.text)
 .text          0x00000000200004ec        0x0 /opt/st/stm32cubeide_1.11.2/plugins/com.st.stm32cube.ide.mcu.externaltools.gnu-tools-for-stm32.10.3-2021.10.linux64_1.0.100.202210260954/tools/bin/../lib/gcc/arm-none-eabi/10.3.1/thumb/v7e-m+fp/hard/crti.o
 .text          0x00000000200004ec       0x40 /opt/st/stm32cubeide_1.11.2/plugins/com.st.stm32cube.ide.mcu.externaltools.gnu-tools-for-stm32.10.3-2021.10.linux64_1.0.100.202210260954/tools/bin/../lib/gcc/arm-none-eabi/10.3.1/thumb/v7e-m+fp/hard/crtbegin.o
 .text          0x000000002000052c       0x7c /opt/st/stm32cubeide_1.11.2/plugins/com.st.stm32cube.ide.mcu.externaltools.gnu-tools-for-stm32.10.3-2021.10.linux64_1.0.100.202210260954/tools/bin/../lib/gcc/arm-none-eabi/10.3.1/../../../../arm-none-eabi/lib/thumb/v7e-m+fp/hard/crt0.o
                0x000000002000052c                _stack_init
                0x0000000020000534                _mainCRTStartup
                0x0000000020000534                _start
 .text          0x00000000200005a8        0x0 ./Core/Src/Dev_Inf.o
 .text          0x00000000200005a8        0x0 ./Core/Src/Loader_Src.o
 .text          0x00000000200005a8        0x0 ./Core/Src/gpio.o
 .text          0x00000000200005a8        0x0 ./Core/Src/main.o
 .text          0x00000000200005a8        0x0 ./Core/Src/spi.o
 .text          0x00000000200005a8        0x0 ./Core/Src/stm32f4xx_hal_msp.o
 .text          0x00000000200005a8        0x0 ./Core/Src/stm32f4xx_it.o
 .text          0x00000000200005a8        0x0 ./Core/Src/syscalls.o
 .text          0x00000000200005a8        0x0 ./Core/Src/sysmem.o
 .text          0x00000000200005a8        0x0 ./Core/Src/system_stm32f4xx.o
 .text          0x00000000200005a8        0x0 ./Core/Src/z_flash_W25QXXX.o
 .text          0x00000000200005a8       0x14 ./Core/Startup/startup_stm32f446retx.o
 .text          0x00000000200005bc        0x0 ./Drivers/STM32F4xx_HAL_Driver/Src/stm32f4xx_hal.o
 .text          0x00000000200005bc        0x0 ./Drivers/STM32F4xx_HAL_Driver/Src/stm32f4xx_hal_cortex.o
 .text          0x00000000200005bc        0x0 ./Drivers/STM32F4xx_HAL_Driver/Src/stm32f4xx_hal_dma.o
 .text          0x00000000200005bc        0x0 ./Drivers/STM32F4xx_HAL_Driver/Src/stm32f4xx_hal_dma_ex.o
 .text          0x00000000200005bc        0x0 ./Drivers/STM32F4xx_HAL_Driver/Src/stm32f4xx_hal_exti.o
 .text          0x00000000200005bc        0x0 ./Drivers/STM32F4xx_HAL_Driver/Src/stm32f4xx_hal_flash.o
 .text          0x00000000200005bc        0x0 ./Drivers/STM32F4xx_HAL_Driver/Src/stm32f4xx_hal_flash_ex.o
 .text          0x00000000200005bc        0x0 ./Drivers/STM32F4xx_HAL_Driver/Src/stm32f4xx_hal_flash_ramfunc.o
 .text          0x00000000200005bc        0x0 ./Drivers/STM32F4xx_HAL_Driver/Src/stm32f4xx_hal_gpio.o
 .text          0x00000000200005bc        0x0 ./Drivers/STM32F4xx_HAL_Driver/Src/stm32f4xx_hal_pwr.o
 .text          0x00000000200005bc        0x0 ./Drivers/STM32F4xx_HAL_Driver/Src/stm32f4xx_hal_pwr_ex.o
 .text          0x00000000200005bc        0x0 ./Drivers/STM32F4xx_HAL_Driver/Src/stm32f4xx_hal_rcc.o
 .text          0x00000000200005bc        0x0 ./Drivers/STM32F4xx_HAL_Driver/Src/stm32f4xx_hal_rcc_ex.o
 .text          0x00000000200005bc        0x0 ./Drivers/STM32F4xx_HAL_Driver/Src/stm32f4xx_hal_spi.o
 .text          0x00000000200005bc        0x0 ./Drivers/STM32F4xx_HAL_Driver/Src/stm32f4xx_hal_tim.o
 .text          0x00000000200005bc        0x0 ./Drivers/STM32F4xx_HAL_Driver/Src/stm32f4xx_hal_tim_ex.o
 .text          0x00000000200005bc        0x0 /opt/st/stm32cubeide_1.11.2/plugins/com.st.stm32cube.ide.mcu.externaltools.gnu-tools-for-stm32.10.3-2021.10.linux64_1.0.100.202210260954/tools/bin/../lib/gcc/arm-none-eabi/10.3.1/../../../../arm-none-eabi/lib/thumb/v7e-m+fp/hard/libc_nano.a(lib_a-errno.o)
 .text          0x00000000200005bc        0x0 /opt/st/stm32cubeide_1.11.2/plugins/com.st.stm32cube.ide.mcu.externaltools.gnu-tools-for-stm32.10.3-2021.10.linux64_1.0.100.202210260954/tools/bin/../lib/gcc/arm-none-eabi/10.3.1/../../../../arm-none-eabi/lib/thumb/v7e-m+fp/hard/libc_nano.a(lib_a-exit.o)
 .text          0x00000000200005bc        0x0 /opt/st/stm32cubeide_1.11.2/plugins/com.st.stm32cube.ide.mcu.externaltools.gnu-tools-for-stm32.10.3-2021.10.linux64_1.0.100.202210260954/tools/bin/../lib/gcc/arm-none-eabi/10.3.1/../../../../arm-none-eabi/lib/thumb/v7e-m+fp/hard/libc_nano.a(lib_a-impure.o)
 .text          0x00000000200005bc        0x0 /opt/st/stm32cubeide_1.11.2/plugins/com.st.stm32cube.ide.mcu.externaltools.gnu-tools-for-stm32.10.3-2021.10.linux64_1.0.100.202210260954/tools/bin/../lib/gcc/arm-none-eabi/10.3.1/../../../../arm-none-eabi/lib/thumb/v7e-m+fp/hard/libc_nano.a(lib_a-init.o)
 .text          0x00000000200005bc        0x0 /opt/st/stm32cubeide_1.11.2/plugins/com.st.stm32cube.ide.mcu.externaltools.gnu-tools-for-stm32.10.3-2021.10.linux64_1.0.100.202210260954/tools/bin/../lib/gcc/arm-none-eabi/10.3.1/../../../../arm-none-eabi/lib/thumb/v7e-m+fp/hard/libc_nano.a(lib_a-memset.o)
 .text          0x00000000200005bc       0x30 /opt/st/stm32cubeide_1.11.2/plugins/com.st.stm32cube.ide.mcu.externaltools.gnu-tools-for-stm32.10.3-2021.10.linux64_1.0.100.202210260954/tools/bin/../lib/gcc/arm-none-eabi/10.3.1/thumb/v7e-m+fp/hard/libgcc.a(_aeabi_uldivmod.o)
                0x00000000200005bc                __aeabi_uldivmod
 .text          0x00000000200005ec      0x2d0 /opt/st/stm32cubeide_1.11.2/plugins/com.st.stm32cube.ide.mcu.externaltools.gnu-tools-for-stm32.10.3-2021.10.linux64_1.0.100.202210260954/tools/bin/../lib/gcc/arm-none-eabi/10.3.1/thumb/v7e-m+fp/hard/libgcc.a(_udivmoddi4.o)
                0x00000000200005ec                __udivmoddi4
 .text          0x00000000200008bc        0x4 /opt/st/stm32cubeide_1.11.2/plugins/com.st.stm32cube.ide.mcu.externaltools.gnu-tools-for-stm32.10.3-2021.10.linux64_1.0.100.202210260954/tools/bin/../lib/gcc/arm-none-eabi/10.3.1/thumb/v7e-m+fp/hard/libgcc.a(_dvmd_tls.o)
                0x00000000200008bc                __aeabi_ldiv0
                0x00000000200008bc                __aeabi_idiv0
 .text          0x00000000200008c0        0x0 /opt/st/stm32cubeide_1.11.2/plugins/com.st.stm32cube.ide.mcu.externaltools.gnu-tools-for-stm32.10.3-2021.10.linux64_1.0.100.202210260954/tools/bin/../lib/gcc/arm-none-eabi/10.3.1/thumb/v7e-m+fp/hard/crtend.o
 .text          0x00000000200008c0        0x0 /opt/st/stm32cubeide_1.11.2/plugins/com.st.stm32cube.ide.mcu.externaltools.gnu-tools-for-stm32.10.3-2021.10.linux64_1.0.100.202210260954/tools/bin/../lib/gcc/arm-none-eabi/10.3.1/thumb/v7e-m+fp/hard/crtn.o
 *(.text*)
 .text.LOC_SPI_Init
                0x00000000200008c0        0xc ./Core/Src/Loader_Src.o
                0x00000000200008c0                LOC_SPI_Init
 .text.LOC_Delay
                0x00000000200008cc       0x42 ./Core/Src/Loader_Src.o
                0x00000000200008cc                LOC_Delay
 .text.HAL_GetTick
                0x000000002000090e       0x10 ./Core/Src/Loader_Src.o
                0x000000002000090e                HAL_GetTick
 .text.HAL_Delay
                0x000000002000091e       0x16 ./Core/Src/Loader_Src.o
                0x000000002000091e                HAL_Delay
 .text.HAL_InitTick
                0x0000000020000934       0x16 ./Core/Src/Loader_Src.o
                0x0000000020000934                HAL_InitTick
 *fill*         0x000000002000094a        0x2 
 .text.LOC_LedOn
                0x000000002000094c       0x18 ./Core/Src/Loader_Src.o
                0x000000002000094c                LOC_LedOn
 .text.LOC_LedOff
                0x0000000020000964       0x18 ./Core/Src/Loader_Src.o
                0x0000000020000964                LOC_LedOff
 .text.Init     0x000000002000097c       0x68 ./Core/Src/Loader_Src.o
                0x000000002000097c                Init
 .text.Read     0x00000000200009e4       0x48 ./Core/Src/Loader_Src.o
                0x00000000200009e4                Read
 .text.Write    0x0000000020000a2c       0x48 ./Core/Src/Loader_Src.o
                0x0000000020000a2c                Write
 .text.MassErase
                0x0000000020000a74       0x34 ./Core/Src/Loader_Src.o
                0x0000000020000a74                MassErase
 .text.SectorErase
                0x0000000020000aa8       0x64 ./Core/Src/Loader_Src.o
                0x0000000020000aa8                SectorErase
 .text.CheckSum
                0x0000000020000b0c      0x12a ./Core/Src/Loader_Src.o
                0x0000000020000b0c                CheckSum
 .text.Verify   0x0000000020000c36      0x10a ./Core/Src/Loader_Src.o
                0x0000000020000c36                Verify
 .text.MX_GPIO_Init
                0x0000000020000d40       0xe8 ./Core/Src/gpio.o
                0x0000000020000d40                MX_GPIO_Init
 .text.main     0x0000000020000e28       0x16 ./Core/Src/main.o
                0x0000000020000e28                main
 *fill*         0x0000000020000e3e        0x2 
 .text.SystemClock_Config
                0x0000000020000e40       0xdc ./Core/Src/main.o
                0x0000000020000e40                SystemClock_Config
 .text.Error_Handler
                0x0000000020000f1c        0xa ./Core/Src/main.o
                0x0000000020000f1c                Error_Handler
 *fill*         0x0000000020000f26        0x2 
 .text.MX_SPI2_Init
                0x0000000020000f28       0x6c ./Core/Src/spi.o
                0x0000000020000f28                MX_SPI2_Init
 .text.HAL_SPI_MspInit
                0x0000000020000f94       0xd0 ./Core/Src/spi.o
                0x0000000020000f94                HAL_SPI_MspInit
 .text.HAL_SPI_MspDeInit
                0x0000000020001064       0x48 ./Core/Src/spi.o
                0x0000000020001064                HAL_SPI_MspDeInit
 .text.HAL_MspInit
                0x00000000200010ac       0x50 ./Core/Src/stm32f4xx_hal_msp.o
                0x00000000200010ac                HAL_MspInit
 .text.NMI_Handler
                0x00000000200010fc        0x6 ./Core/Src/stm32f4xx_it.o
                0x00000000200010fc                NMI_Handler
 .text.HardFault_Handler
                0x0000000020001102        0x6 ./Core/Src/stm32f4xx_it.o
                0x0000000020001102                HardFault_Handler
 .text.MemManage_Handler
                0x0000000020001108        0x6 ./Core/Src/stm32f4xx_it.o
                0x0000000020001108                MemManage_Handler
 .text.BusFault_Handler
                0x000000002000110e        0x6 ./Core/Src/stm32f4xx_it.o
                0x000000002000110e                BusFault_Handler
 .text.UsageFault_Handler
                0x0000000020001114        0x6 ./Core/Src/stm32f4xx_it.o
                0x0000000020001114                UsageFault_Handler
 .text.SVC_Handler
                0x000000002000111a        0xe ./Core/Src/stm32f4xx_it.o
                0x000000002000111a                SVC_Handler
 .text.DebugMon_Handler
                0x0000000020001128        0xe ./Core/Src/stm32f4xx_it.o
                0x0000000020001128                DebugMon_Handler
 .text.PendSV_Handler
                0x0000000020001136        0xe ./Core/Src/stm32f4xx_it.o
                0x0000000020001136                PendSV_Handler
 .text.SysTick_Handler
                0x0000000020001144        0xc ./Core/Src/stm32f4xx_it.o
                0x0000000020001144                SysTick_Handler
 .text.initialise_monitor_handles
                0x0000000020001150        0xe ./Core/Src/syscalls.o
                0x0000000020001150                initialise_monitor_handles
 .text._getpid  0x000000002000115e       0x10 ./Core/Src/syscalls.o
                0x000000002000115e                _getpid
 .text._kill    0x000000002000116e       0x20 ./Core/Src/syscalls.o
                0x000000002000116e                _kill
 .text._exit    0x000000002000118e       0x14 ./Core/Src/syscalls.o
                0x000000002000118e                _exit
 .text._read    0x00000000200011a2       0x3a ./Core/Src/syscalls.o
                0x00000000200011a2                _read
 .text._write   0x00000000200011dc       0x38 ./Core/Src/syscalls.o
                0x00000000200011dc                _write
 .text._close   0x0000000020001214       0x18 ./Core/Src/syscalls.o
                0x0000000020001214                _close
 .text._fstat   0x000000002000122c       0x20 ./Core/Src/syscalls.o
                0x000000002000122c                _fstat
 .text._isatty  0x000000002000124c       0x16 ./Core/Src/syscalls.o
                0x000000002000124c                _isatty
 .text._lseek   0x0000000020001262       0x1a ./Core/Src/syscalls.o
                0x0000000020001262                _lseek
 .text._open    0x000000002000127c       0x1c ./Core/Src/syscalls.o
                0x000000002000127c                _open
 .text._wait    0x0000000020001298       0x1e ./Core/Src/syscalls.o
                0x0000000020001298                _wait
 .text._unlink  0x00000000200012b6       0x1e ./Core/Src/syscalls.o
                0x00000000200012b6                _unlink
 .text._times   0x00000000200012d4       0x18 ./Core/Src/syscalls.o
                0x00000000200012d4                _times
 .text._stat    0x00000000200012ec       0x20 ./Core/Src/syscalls.o
                0x00000000200012ec                _stat
 .text._link    0x000000002000130c       0x20 ./Core/Src/syscalls.o
                0x000000002000130c                _link
 .text._fork    0x000000002000132c       0x16 ./Core/Src/syscalls.o
                0x000000002000132c                _fork
 .text._execve  0x0000000020001342       0x22 ./Core/Src/syscalls.o
                0x0000000020001342                _execve
 .text._sbrk    0x0000000020001364       0x6c ./Core/Src/sysmem.o
                0x0000000020001364                _sbrk
 .text.SystemInit
                0x00000000200013d0       0x24 ./Core/Src/system_stm32f4xx.o
                0x00000000200013d0                SystemInit
 .text.SystemCoreClockUpdate
                0x00000000200013f4      0x100 ./Core/Src/system_stm32f4xx.o
                0x00000000200013f4                SystemCoreClockUpdate
 .text.Flash_Select
                0x00000000200014f4       0x28 ./Core/Src/z_flash_W25QXXX.o
                0x00000000200014f4                Flash_Select
 .text.Flash_UnSelect
                0x000000002000151c       0x18 ./Core/Src/z_flash_W25QXXX.o
                0x000000002000151c                Flash_UnSelect
 .text.Flash_Receive
                0x0000000020001534       0x28 ./Core/Src/z_flash_W25QXXX.o
                0x0000000020001534                Flash_Receive
 .text.Flash_Polling_Transmit
                0x000000002000155c       0x28 ./Core/Src/z_flash_W25QXXX.o
                0x000000002000155c                Flash_Polling_Transmit
 .text.Flash_Transmit
                0x0000000020001584       0x28 ./Core/Src/z_flash_W25QXXX.o
                0x0000000020001584                Flash_Transmit
 .text.Flash_WaitForWritingComplete
                0x00000000200015ac       0x38 ./Core/Src/z_flash_W25QXXX.o
                0x00000000200015ac                Flash_WaitForWritingComplete
 .text.Flash_Read
                0x00000000200015e4       0x7c ./Core/Src/z_flash_W25QXXX.o
                0x00000000200015e4                Flash_Read
 .text.Flash_SimpleWriteAPage
                0x0000000020001660       0x4e ./Core/Src/z_flash_W25QXXX.o
                0x0000000020001660                Flash_SimpleWriteAPage
 .text.Flash_Write
                0x00000000200016ae       0xc4 ./Core/Src/z_flash_W25QXXX.o
                0x00000000200016ae                Flash_Write
 .text.Flash_SErase4k
                0x0000000020001772       0x5a ./Core/Src/z_flash_W25QXXX.o
                0x0000000020001772                Flash_SErase4k
 .text.Flash_BErase32k
                0x00000000200017cc       0x5a ./Core/Src/z_flash_W25QXXX.o
                0x00000000200017cc                Flash_BErase32k
 .text.Flash_BErase64k
                0x0000000020001826       0x5a ./Core/Src/z_flash_W25QXXX.o
                0x0000000020001826                Flash_BErase64k
 .text.Flash_ChipErase
                0x0000000020001880       0x3e ./Core/Src/z_flash_W25QXXX.o
                0x0000000020001880                Flash_ChipErase
 .text.Flash_PowerDown
                0x00000000200018be       0x24 ./Core/Src/z_flash_W25QXXX.o
                0x00000000200018be                Flash_PowerDown
 .text.Flash_PowerUp
                0x00000000200018e2       0x2a ./Core/Src/z_flash_W25QXXX.o
                0x00000000200018e2                Flash_PowerUp
 .text.Flash_ReadDevID
                0x000000002000190c       0x3c ./Core/Src/z_flash_W25QXXX.o
                0x000000002000190c                Flash_ReadDevID
 .text.Flash_ReadManufactutrerAndDevID
                0x0000000020001948       0x3c ./Core/Src/z_flash_W25QXXX.o
                0x0000000020001948                Flash_ReadManufactutrerAndDevID
 .text.Flash_ReadJedecID
                0x0000000020001984       0x42 ./Core/Src/z_flash_W25QXXX.o
                0x0000000020001984                Flash_ReadJedecID
 .text.Flash_ReadSFDP
                0x00000000200019c6       0x50 ./Core/Src/z_flash_W25QXXX.o
                0x00000000200019c6                Flash_ReadSFDP
 .text.Flash_TestAvailability
                0x0000000020001a16       0x9c ./Core/Src/z_flash_W25QXXX.o
                0x0000000020001a16                Flash_TestAvailability
 .text.Flash_Init
                0x0000000020001ab2       0x3c ./Core/Src/z_flash_W25QXXX.o
                0x0000000020001ab2                Flash_Init
 .text.Flash_Reset
                0x0000000020001aee       0x40 ./Core/Src/z_flash_W25QXXX.o
                0x0000000020001aee                Flash_Reset
 .text.DataReader_WaitForReceiveDone
                0x0000000020001b2e        0xe ./Core/Src/z_flash_W25QXXX.o
                0x0000000020001b2e                DataReader_WaitForReceiveDone
 .text.DataReader_ReadData
                0x0000000020001b3c       0x1e ./Core/Src/z_flash_W25QXXX.o
                0x0000000020001b3c                DataReader_ReadData
 .text.DataReader_StartDMAReadData
                0x0000000020001b5a       0x1e ./Core/Src/z_flash_W25QXXX.o
                0x0000000020001b5a                DataReader_StartDMAReadData
 .text.Reset_Handler
                0x0000000020001b78       0x50 ./Core/Startup/startup_stm32f446retx.o
                0x0000000020001b78                Reset_Handler
 .text.Default_Handler
                0x0000000020001bc8        0x2 ./Core/Startup/startup_stm32f446retx.o
                0x0000000020001bc8                RTC_Alarm_IRQHandler
                0x0000000020001bc8                EXTI2_IRQHandler
                0x0000000020001bc8                TIM8_CC_IRQHandler
                0x0000000020001bc8                FMPI2C1_EV_IRQHandler
                0x0000000020001bc8                SPI4_IRQHandler
                0x0000000020001bc8                TIM1_CC_IRQHandler
                0x0000000020001bc8                DMA2_Stream5_IRQHandler
                0x0000000020001bc8                DMA1_Stream5_IRQHandler
                0x0000000020001bc8                PVD_IRQHandler
                0x0000000020001bc8                SDIO_IRQHandler
                0x0000000020001bc8                TAMP_STAMP_IRQHandler
                0x0000000020001bc8                CAN2_RX1_IRQHandler
                0x0000000020001bc8                EXTI3_IRQHandler
                0x0000000020001bc8                TIM8_TRG_COM_TIM14_IRQHandler
                0x0000000020001bc8                TIM1_UP_TIM10_IRQHandler
                0x0000000020001bc8                TIM8_UP_TIM13_IRQHandler
                0x0000000020001bc8                I2C3_ER_IRQHandler
                0x0000000020001bc8                EXTI0_IRQHandler
                0x0000000020001bc8                I2C2_EV_IRQHandler
                0x0000000020001bc8                DMA1_Stream2_IRQHandler
                0x0000000020001bc8                CAN1_RX0_IRQHandler
                0x0000000020001bc8                FPU_IRQHandler
                0x0000000020001bc8                OTG_HS_WKUP_IRQHandler
                0x0000000020001bc8                CAN2_SCE_IRQHandler
                0x0000000020001bc8                DMA2_Stream2_IRQHandler
                0x0000000020001bc8                SPI1_IRQHandler
                0x0000000020001bc8                TIM6_DAC_IRQHandler
                0x0000000020001bc8                TIM1_BRK_TIM9_IRQHandler
                0x0000000020001bc8                DCMI_IRQHandler
                0x0000000020001bc8                CAN2_RX0_IRQHandler
                0x0000000020001bc8                DMA2_Stream3_IRQHandler
                0x0000000020001bc8                SAI2_IRQHandler
                0x0000000020001bc8                USART6_IRQHandler
                0x0000000020001bc8                USART3_IRQHandler
                0x0000000020001bc8                CAN1_RX1_IRQHandler
                0x0000000020001bc8                UART5_IRQHandler
                0x0000000020001bc8                DMA2_Stream0_IRQHandler
                0x0000000020001bc8                TIM4_IRQHandler
                0x0000000020001bc8                QUADSPI_IRQHandler
                0x0000000020001bc8                I2C1_EV_IRQHandler
                0x0000000020001bc8                DMA1_Stream6_IRQHandler
                0x0000000020001bc8                DMA1_Stream1_IRQHandler
                0x0000000020001bc8                UART4_IRQHandler
                0x0000000020001bc8                TIM3_IRQHandler
                0x0000000020001bc8                RCC_IRQHandler
                0x0000000020001bc8                TIM8_BRK_TIM12_IRQHandler
                0x0000000020001bc8                Default_Handler
                0x0000000020001bc8                CEC_IRQHandler
                0x0000000020001bc8                EXTI15_10_IRQHandler
                0x0000000020001bc8                ADC_IRQHandler
                0x0000000020001bc8                DMA1_Stream7_IRQHandler
                0x0000000020001bc8                TIM7_IRQHandler
                0x0000000020001bc8                CAN2_TX_IRQHandler
                0x0000000020001bc8                TIM5_IRQHandler
                0x0000000020001bc8                DMA2_Stream7_IRQHandler
                0x0000000020001bc8                I2C3_EV_IRQHandler
                0x0000000020001bc8                EXTI9_5_IRQHandler
                0x0000000020001bc8                RTC_WKUP_IRQHandler
                0x0000000020001bc8                SPDIF_RX_IRQHandler
                0x0000000020001bc8                SPI2_IRQHandler
                0x0000000020001bc8                OTG_HS_EP1_IN_IRQHandler
                0x0000000020001bc8                DMA1_Stream0_IRQHandler
                0x0000000020001bc8                CAN1_TX_IRQHandler
                0x0000000020001bc8                FMPI2C1_ER_IRQHandler
                0x0000000020001bc8                EXTI4_IRQHandler
                0x0000000020001bc8                OTG_HS_EP1_OUT_IRQHandler
                0x0000000020001bc8                WWDG_IRQHandler
                0x0000000020001bc8                TIM2_IRQHandler
                0x0000000020001bc8                OTG_FS_WKUP_IRQHandler
                0x0000000020001bc8                TIM1_TRG_COM_TIM11_IRQHandler
                0x0000000020001bc8                OTG_HS_IRQHandler
                0x0000000020001bc8                EXTI1_IRQHandler
                0x0000000020001bc8                USART2_IRQHandler
                0x0000000020001bc8                I2C2_ER_IRQHandler
                0x0000000020001bc8                DMA2_Stream1_IRQHandler
                0x0000000020001bc8                CAN1_SCE_IRQHandler
                0x0000000020001bc8                FLASH_IRQHandler
                0x0000000020001bc8                DMA2_Stream4_IRQHandler
                0x0000000020001bc8                USART1_IRQHandler
                0x0000000020001bc8                OTG_FS_IRQHandler
                0x0000000020001bc8                SPI3_IRQHandler
                0x0000000020001bc8                DMA1_Stream4_IRQHandler
                0x0000000020001bc8                I2C1_ER_IRQHandler
                0x0000000020001bc8                FMC_IRQHandler
                0x0000000020001bc8                DMA2_Stream6_IRQHandler
                0x0000000020001bc8                SAI1_IRQHandler
                0x0000000020001bc8                DMA1_Stream3_IRQHandler
 *fill*         0x0000000020001bca        0x2 
 .text.HAL_Init
                0x0000000020001bcc       0x44 ./Drivers/STM32F4xx_HAL_Driver/Src/stm32f4xx_hal.o
                0x0000000020001bcc                HAL_Init
 .text.HAL_DeInit
                0x0000000020001c10       0x58 ./Drivers/STM32F4xx_HAL_Driver/Src/stm32f4xx_hal.o
                0x0000000020001c10                HAL_DeInit
 .text.HAL_MspInit
                0x0000000020001c68        0xe ./Drivers/STM32F4xx_HAL_Driver/Src/stm32f4xx_hal.o
 .text.HAL_MspDeInit
                0x0000000020001c76        0xe ./Drivers/STM32F4xx_HAL_Driver/Src/stm32f4xx_hal.o
                0x0000000020001c76                HAL_MspDeInit
 .text.HAL_InitTick
                0x0000000020001c84       0x60 ./Drivers/STM32F4xx_HAL_Driver/Src/stm32f4xx_hal.o
 .text.HAL_IncTick
                0x0000000020001ce4       0x28 ./Drivers/STM32F4xx_HAL_Driver/Src/stm32f4xx_hal.o
                0x0000000020001ce4                HAL_IncTick
 .text.HAL_GetTick
                0x0000000020001d0c       0x18 ./Drivers/STM32F4xx_HAL_Driver/Src/stm32f4xx_hal.o
 .text.HAL_GetTickPrio
                0x0000000020001d24       0x18 ./Drivers/STM32F4xx_HAL_Driver/Src/stm32f4xx_hal.o
                0x0000000020001d24                HAL_GetTickPrio
 .text.HAL_SetTickFreq
                0x0000000020001d3c       0x50 ./Drivers/STM32F4xx_HAL_Driver/Src/stm32f4xx_hal.o
                0x0000000020001d3c                HAL_SetTickFreq
 .text.HAL_GetTickFreq
                0x0000000020001d8c       0x18 ./Drivers/STM32F4xx_HAL_Driver/Src/stm32f4xx_hal.o
                0x0000000020001d8c                HAL_GetTickFreq
 .text.HAL_Delay
                0x0000000020001da4       0x48 ./Drivers/STM32F4xx_HAL_Driver/Src/stm32f4xx_hal.o
 .text.HAL_SuspendTick
                0x0000000020001dec       0x20 ./Drivers/STM32F4xx_HAL_Driver/Src/stm32f4xx_hal.o
                0x0000000020001dec                HAL_SuspendTick
 .text.HAL_ResumeTick
                0x0000000020001e0c       0x20 ./Drivers/STM32F4xx_HAL_Driver/Src/stm32f4xx_hal.o
                0x0000000020001e0c                HAL_ResumeTick
 .text.HAL_GetHalVersion
                0x0000000020001e2c       0x14 ./Drivers/STM32F4xx_HAL_Driver/Src/stm32f4xx_hal.o
                0x0000000020001e2c                HAL_GetHalVersion
 .text.HAL_GetREVID
                0x0000000020001e40       0x18 ./Drivers/STM32F4xx_HAL_Driver/Src/stm32f4xx_hal.o
                0x0000000020001e40                HAL_GetREVID
 .text.HAL_GetDEVID
                0x0000000020001e58       0x1c ./Drivers/STM32F4xx_HAL_Driver/Src/stm32f4xx_hal.o
                0x0000000020001e58                HAL_GetDEVID
 .text.HAL_DBGMCU_EnableDBGSleepMode
                0x0000000020001e74       0x20 ./Drivers/STM32F4xx_HAL_Driver/Src/stm32f4xx_hal.o
                0x0000000020001e74                HAL_DBGMCU_EnableDBGSleepMode
 .text.HAL_DBGMCU_DisableDBGSleepMode
                0x0000000020001e94       0x20 ./Drivers/STM32F4xx_HAL_Driver/Src/stm32f4xx_hal.o
                0x0000000020001e94                HAL_DBGMCU_DisableDBGSleepMode
 .text.HAL_DBGMCU_EnableDBGStopMode
                0x0000000020001eb4       0x20 ./Drivers/STM32F4xx_HAL_Driver/Src/stm32f4xx_hal.o
                0x0000000020001eb4                HAL_DBGMCU_EnableDBGStopMode
 .text.HAL_DBGMCU_DisableDBGStopMode
                0x0000000020001ed4       0x20 ./Drivers/STM32F4xx_HAL_Driver/Src/stm32f4xx_hal.o
                0x0000000020001ed4                HAL_DBGMCU_DisableDBGStopMode
 .text.HAL_DBGMCU_EnableDBGStandbyMode
                0x0000000020001ef4       0x20 ./Drivers/STM32F4xx_HAL_Driver/Src/stm32f4xx_hal.o
                0x0000000020001ef4                HAL_DBGMCU_EnableDBGStandbyMode
 .text.HAL_DBGMCU_DisableDBGStandbyMode
                0x0000000020001f14       0x20 ./Drivers/STM32F4xx_HAL_Driver/Src/stm32f4xx_hal.o
                0x0000000020001f14                HAL_DBGMCU_DisableDBGStandbyMode
 .text.HAL_EnableCompensationCell
                0x0000000020001f34       0x18 ./Drivers/STM32F4xx_HAL_Driver/Src/stm32f4xx_hal.o
                0x0000000020001f34                HAL_EnableCompensationCell
 .text.HAL_DisableCompensationCell
                0x0000000020001f4c       0x18 ./Drivers/STM32F4xx_HAL_Driver/Src/stm32f4xx_hal.o
                0x0000000020001f4c                HAL_DisableCompensationCell
 .text.HAL_GetUIDw0
                0x0000000020001f64       0x18 ./Drivers/STM32F4xx_HAL_Driver/Src/stm32f4xx_hal.o
                0x0000000020001f64                HAL_GetUIDw0
 .text.HAL_GetUIDw1
                0x0000000020001f7c       0x18 ./Drivers/STM32F4xx_HAL_Driver/Src/stm32f4xx_hal.o
                0x0000000020001f7c                HAL_GetUIDw1
 .text.HAL_GetUIDw2
                0x0000000020001f94       0x18 ./Drivers/STM32F4xx_HAL_Driver/Src/stm32f4xx_hal.o
                0x0000000020001f94                HAL_GetUIDw2
 .text.__NVIC_SetPriorityGrouping
                0x0000000020001fac       0x48 ./Drivers/STM32F4xx_HAL_Driver/Src/stm32f4xx_hal_cortex.o
 .text.__NVIC_GetPriorityGrouping
                0x0000000020001ff4       0x1c ./Drivers/STM32F4xx_HAL_Driver/Src/stm32f4xx_hal_cortex.o
 .text.__NVIC_EnableIRQ
                0x0000000020002010       0x3c ./Drivers/STM32F4xx_HAL_Driver/Src/stm32f4xx_hal_cortex.o
 .text.__NVIC_DisableIRQ
                0x000000002000204c       0x48 ./Drivers/STM32F4xx_HAL_Driver/Src/stm32f4xx_hal_cortex.o
 .text.__NVIC_GetPendingIRQ
                0x0000000020002094       0x44 ./Drivers/STM32F4xx_HAL_Driver/Src/stm32f4xx_hal_cortex.o
 .text.__NVIC_SetPendingIRQ
                0x00000000200020d8       0x3c ./Drivers/STM32F4xx_HAL_Driver/Src/stm32f4xx_hal_cortex.o
 .text.__NVIC_ClearPendingIRQ
                0x0000000020002114       0x3c ./Drivers/STM32F4xx_HAL_Driver/Src/stm32f4xx_hal_cortex.o
 .text.__NVIC_GetActive
                0x0000000020002150       0x44 ./Drivers/STM32F4xx_HAL_Driver/Src/stm32f4xx_hal_cortex.o
 .text.__NVIC_SetPriority
                0x0000000020002194       0x54 ./Drivers/STM32F4xx_HAL_Driver/Src/stm32f4xx_hal_cortex.o
 .text.__NVIC_GetPriority
                0x00000000200021e8       0x50 ./Drivers/STM32F4xx_HAL_Driver/Src/stm32f4xx_hal_cortex.o
 .text.NVIC_EncodePriority
                0x0000000020002238       0x66 ./Drivers/STM32F4xx_HAL_Driver/Src/stm32f4xx_hal_cortex.o
 .text.NVIC_DecodePriority
                0x000000002000229e       0x6e ./Drivers/STM32F4xx_HAL_Driver/Src/stm32f4xx_hal_cortex.o
 .text.__NVIC_SystemReset
                0x000000002000230c       0x2c ./Drivers/STM32F4xx_HAL_Driver/Src/stm32f4xx_hal_cortex.o
 .text.SysTick_Config
                0x0000000020002338       0x44 ./Drivers/STM32F4xx_HAL_Driver/Src/stm32f4xx_hal_cortex.o
 .text.HAL_NVIC_SetPriorityGrouping
                0x000000002000237c       0x16 ./Drivers/STM32F4xx_HAL_Driver/Src/stm32f4xx_hal_cortex.o
                0x000000002000237c                HAL_NVIC_SetPriorityGrouping
 .text.HAL_NVIC_SetPriority
                0x0000000020002392       0x38 ./Drivers/STM32F4xx_HAL_Driver/Src/stm32f4xx_hal_cortex.o
                0x0000000020002392                HAL_NVIC_SetPriority
 .text.HAL_NVIC_EnableIRQ
                0x00000000200023ca       0x1c ./Drivers/STM32F4xx_HAL_Driver/Src/stm32f4xx_hal_cortex.o
                0x00000000200023ca                HAL_NVIC_EnableIRQ
 .text.HAL_NVIC_DisableIRQ
                0x00000000200023e6       0x1c ./Drivers/STM32F4xx_HAL_Driver/Src/stm32f4xx_hal_cortex.o
                0x00000000200023e6                HAL_NVIC_DisableIRQ
 .text.HAL_NVIC_SystemReset
                0x0000000020002402        0x8 ./Drivers/STM32F4xx_HAL_Driver/Src/stm32f4xx_hal_cortex.o
                0x0000000020002402                HAL_NVIC_SystemReset
 .text.HAL_SYSTICK_Config
                0x000000002000240a       0x18 ./Drivers/STM32F4xx_HAL_Driver/Src/stm32f4xx_hal_cortex.o
                0x000000002000240a                HAL_SYSTICK_Config
 *fill*         0x0000000020002422        0x2 
 .text.HAL_MPU_Disable
                0x0000000020002424       0x30 ./Drivers/STM32F4xx_HAL_Driver/Src/stm32f4xx_hal_cortex.o
                0x0000000020002424                HAL_MPU_Disable
 .text.HAL_MPU_Enable
                0x0000000020002454       0x40 ./Drivers/STM32F4xx_HAL_Driver/Src/stm32f4xx_hal_cortex.o
                0x0000000020002454                HAL_MPU_Enable
 .text.HAL_MPU_ConfigRegion
                0x0000000020002494       0x88 ./Drivers/STM32F4xx_HAL_Driver/Src/stm32f4xx_hal_cortex.o
                0x0000000020002494                HAL_MPU_ConfigRegion
 .text.HAL_NVIC_GetPriorityGrouping
                0x000000002000251c        0xe ./Drivers/STM32F4xx_HAL_Driver/Src/stm32f4xx_hal_cortex.o
                0x000000002000251c                HAL_NVIC_GetPriorityGrouping
 .text.HAL_NVIC_GetPriority
                0x000000002000252a       0x2c ./Drivers/STM32F4xx_HAL_Driver/Src/stm32f4xx_hal_cortex.o
                0x000000002000252a                HAL_NVIC_GetPriority
 .text.HAL_NVIC_SetPendingIRQ
                0x0000000020002556       0x1c ./Drivers/STM32F4xx_HAL_Driver/Src/stm32f4xx_hal_cortex.o
                0x0000000020002556                HAL_NVIC_SetPendingIRQ
 .text.HAL_NVIC_GetPendingIRQ
                0x0000000020002572       0x1e ./Drivers/STM32F4xx_HAL_Driver/Src/stm32f4xx_hal_cortex.o
                0x0000000020002572                HAL_NVIC_GetPendingIRQ
 .text.HAL_NVIC_ClearPendingIRQ
                0x0000000020002590       0x1c ./Drivers/STM32F4xx_HAL_Driver/Src/stm32f4xx_hal_cortex.o
                0x0000000020002590                HAL_NVIC_ClearPendingIRQ
 .text.HAL_NVIC_GetActive
                0x00000000200025ac       0x1e ./Drivers/STM32F4xx_HAL_Driver/Src/stm32f4xx_hal_cortex.o
                0x00000000200025ac                HAL_NVIC_GetActive
 *fill*         0x00000000200025ca        0x2 
 .text.HAL_SYSTICK_CLKSourceConfig
                0x00000000200025cc       0x38 ./Drivers/STM32F4xx_HAL_Driver/Src/stm32f4xx_hal_cortex.o
                0x00000000200025cc                HAL_SYSTICK_CLKSourceConfig
 .text.HAL_SYSTICK_IRQHandler
                0x0000000020002604        0xc ./Drivers/STM32F4xx_HAL_Driver/Src/stm32f4xx_hal_cortex.o
                0x0000000020002604                HAL_SYSTICK_IRQHandler
 .text.HAL_SYSTICK_Callback
                0x0000000020002610        0xe ./Drivers/STM32F4xx_HAL_Driver/Src/stm32f4xx_hal_cortex.o
                0x0000000020002610                HAL_SYSTICK_Callback
 *fill*         0x000000002000261e        0x2 
 .text.HAL_DMA_Init
                0x0000000020002620      0x15c ./Drivers/STM32F4xx_HAL_Driver/Src/stm32f4xx_hal_dma.o
                0x0000000020002620                HAL_DMA_Init
 .text.HAL_DMA_DeInit
                0x000000002000277c       0xbc ./Drivers/STM32F4xx_HAL_Driver/Src/stm32f4xx_hal_dma.o
                0x000000002000277c                HAL_DMA_DeInit
 .text.HAL_DMA_Start
                0x0000000020002838       0x76 ./Drivers/STM32F4xx_HAL_Driver/Src/stm32f4xx_hal_dma.o
                0x0000000020002838                HAL_DMA_Start
 .text.HAL_DMA_Start_IT
                0x00000000200028ae       0xb0 ./Drivers/STM32F4xx_HAL_Driver/Src/stm32f4xx_hal_dma.o
                0x00000000200028ae                HAL_DMA_Start_IT
 .text.HAL_DMA_Abort
                0x000000002000295e       0xe0 ./Drivers/STM32F4xx_HAL_Driver/Src/stm32f4xx_hal_dma.o
                0x000000002000295e                HAL_DMA_Abort
 .text.HAL_DMA_Abort_IT
                0x0000000020002a3e       0x44 ./Drivers/STM32F4xx_HAL_Driver/Src/stm32f4xx_hal_dma.o
                0x0000000020002a3e                HAL_DMA_Abort_IT
 .text.HAL_DMA_PollForTransfer
                0x0000000020002a82      0x1be ./Drivers/STM32F4xx_HAL_Driver/Src/stm32f4xx_hal_dma.o
                0x0000000020002a82                HAL_DMA_PollForTransfer
 .text.HAL_DMA_IRQHandler
                0x0000000020002c40      0x314 ./Drivers/STM32F4xx_HAL_Driver/Src/stm32f4xx_hal_dma.o
                0x0000000020002c40                HAL_DMA_IRQHandler
 .text.HAL_DMA_RegisterCallback
                0x0000000020002f54       0xa8 ./Drivers/STM32F4xx_HAL_Driver/Src/stm32f4xx_hal_dma.o
                0x0000000020002f54                HAL_DMA_RegisterCallback
 .text.HAL_DMA_UnRegisterCallback
                0x0000000020002ffc       0xd4 ./Drivers/STM32F4xx_HAL_Driver/Src/stm32f4xx_hal_dma.o
                0x0000000020002ffc                HAL_DMA_UnRegisterCallback
 .text.HAL_DMA_GetState
                0x00000000200030d0       0x1c ./Drivers/STM32F4xx_HAL_Driver/Src/stm32f4xx_hal_dma.o
                0x00000000200030d0                HAL_DMA_GetState
 .text.HAL_DMA_GetError
                0x00000000200030ec       0x18 ./Drivers/STM32F4xx_HAL_Driver/Src/stm32f4xx_hal_dma.o
                0x00000000200030ec                HAL_DMA_GetError
 .text.DMA_SetConfig
                0x0000000020003104       0x5c ./Drivers/STM32F4xx_HAL_Driver/Src/stm32f4xx_hal_dma.o
 .text.DMA_CalcBaseAndBitshift
                0x0000000020003160       0x6c ./Drivers/STM32F4xx_HAL_Driver/Src/stm32f4xx_hal_dma.o
 .text.DMA_CheckFifoParam
                0x00000000200031cc       0xf8 ./Drivers/STM32F4xx_HAL_Driver/Src/stm32f4xx_hal_dma.o
 .text.HAL_DMAEx_MultiBufferStart
                0x00000000200032c4       0x96 ./Drivers/STM32F4xx_HAL_Driver/Src/stm32f4xx_hal_dma_ex.o
                0x00000000200032c4                HAL_DMAEx_MultiBufferStart
 *fill*         0x000000002000335a        0x2 
 .text.HAL_DMAEx_MultiBufferStart_IT
                0x000000002000335c     0x1290 ./Drivers/STM32F4xx_HAL_Driver/Src/stm32f4xx_hal_dma_ex.o
                0x000000002000335c                HAL_DMAEx_MultiBufferStart_IT
 .text.HAL_DMAEx_ChangeMemory
                0x00000000200045ec       0x34 ./Drivers/STM32F4xx_HAL_Driver/Src/stm32f4xx_hal_dma_ex.o
                0x00000000200045ec                HAL_DMAEx_ChangeMemory
 .text.DMA_MultiBufferSetConfig
                0x0000000020004620       0x4c ./Drivers/STM32F4xx_HAL_Driver/Src/stm32f4xx_hal_dma_ex.o
 .text.HAL_EXTI_SetConfigLine
                0x000000002000466c      0x150 ./Drivers/STM32F4xx_HAL_Driver/Src/stm32f4xx_hal_exti.o
                0x000000002000466c                HAL_EXTI_SetConfigLine
 .text.HAL_EXTI_GetConfigLine
                0x00000000200047bc       0xf4 ./Drivers/STM32F4xx_HAL_Driver/Src/stm32f4xx_hal_exti.o
                0x00000000200047bc                HAL_EXTI_GetConfigLine
 .text.HAL_EXTI_ClearConfigLine
                0x00000000200048b0       0xc0 ./Drivers/STM32F4xx_HAL_Driver/Src/stm32f4xx_hal_exti.o
                0x00000000200048b0                HAL_EXTI_ClearConfigLine
 .text.HAL_EXTI_RegisterCallback
                0x0000000020004970       0x34 ./Drivers/STM32F4xx_HAL_Driver/Src/stm32f4xx_hal_exti.o
                0x0000000020004970                HAL_EXTI_RegisterCallback
 .text.HAL_EXTI_GetHandle
                0x00000000200049a4       0x28 ./Drivers/STM32F4xx_HAL_Driver/Src/stm32f4xx_hal_exti.o
                0x00000000200049a4                HAL_EXTI_GetHandle
 .text.HAL_EXTI_IRQHandler
                0x00000000200049cc       0x48 ./Drivers/STM32F4xx_HAL_Driver/Src/stm32f4xx_hal_exti.o
                0x00000000200049cc                HAL_EXTI_IRQHandler
 .text.HAL_EXTI_GetPending
                0x0000000020004a14       0x40 ./Drivers/STM32F4xx_HAL_Driver/Src/stm32f4xx_hal_exti.o
                0x0000000020004a14                HAL_EXTI_GetPending
 .text.HAL_EXTI_ClearPending
                0x0000000020004a54       0x30 ./Drivers/STM32F4xx_HAL_Driver/Src/stm32f4xx_hal_exti.o
                0x0000000020004a54                HAL_EXTI_ClearPending
 .text.HAL_EXTI_GenerateSWI
                0x0000000020004a84       0x30 ./Drivers/STM32F4xx_HAL_Driver/Src/stm32f4xx_hal_exti.o
                0x0000000020004a84                HAL_EXTI_GenerateSWI
 .text.HAL_FLASH_Program
                0x0000000020004ab4       0xa8 ./Drivers/STM32F4xx_HAL_Driver/Src/stm32f4xx_hal_flash.o
                0x0000000020004ab4                HAL_FLASH_Program
 .text.HAL_FLASH_Program_IT
                0x0000000020004b5c       0x9c ./Drivers/STM32F4xx_HAL_Driver/Src/stm32f4xx_hal_flash.o
                0x0000000020004b5c                HAL_FLASH_Program_IT
 .text.HAL_FLASH_IRQHandler
                0x0000000020004bf8      0x140 ./Drivers/STM32F4xx_HAL_Driver/Src/stm32f4xx_hal_flash.o
                0x0000000020004bf8                HAL_FLASH_IRQHandler
 .text.HAL_FLASH_EndOfOperationCallback
                0x0000000020004d38       0x14 ./Drivers/STM32F4xx_HAL_Driver/Src/stm32f4xx_hal_flash.o
                0x0000000020004d38                HAL_FLASH_EndOfOperationCallback
 .text.HAL_FLASH_OperationErrorCallback
                0x0000000020004d4c       0x14 ./Drivers/STM32F4xx_HAL_Driver/Src/stm32f4xx_hal_flash.o
                0x0000000020004d4c                HAL_FLASH_OperationErrorCallback
 .text.HAL_FLASH_Unlock
                0x0000000020004d60       0x44 ./Drivers/STM32F4xx_HAL_Driver/Src/stm32f4xx_hal_flash.o
                0x0000000020004d60                HAL_FLASH_Unlock
 .text.HAL_FLASH_Lock
                0x0000000020004da4       0x20 ./Drivers/STM32F4xx_HAL_Driver/Src/stm32f4xx_hal_flash.o
                0x0000000020004da4                HAL_FLASH_Lock
 .text.HAL_FLASH_OB_Unlock
                0x0000000020004dc4       0x38 ./Drivers/STM32F4xx_HAL_Driver/Src/stm32f4xx_hal_flash.o
                0x0000000020004dc4                HAL_FLASH_OB_Unlock
 .text.HAL_FLASH_OB_Lock
                0x0000000020004dfc       0x20 ./Drivers/STM32F4xx_HAL_Driver/Src/stm32f4xx_hal_flash.o
                0x0000000020004dfc                HAL_FLASH_OB_Lock
 .text.HAL_FLASH_OB_Launch
                0x0000000020004e1c       0x28 ./Drivers/STM32F4xx_HAL_Driver/Src/stm32f4xx_hal_flash.o
                0x0000000020004e1c                HAL_FLASH_OB_Launch
 .text.HAL_FLASH_GetError
                0x0000000020004e44       0x18 ./Drivers/STM32F4xx_HAL_Driver/Src/stm32f4xx_hal_flash.o
                0x0000000020004e44                HAL_FLASH_GetError
 .text.FLASH_WaitForLastOperation
                0x0000000020004e5c       0x80 ./Drivers/STM32F4xx_HAL_Driver/Src/stm32f4xx_hal_flash.o
                0x0000000020004e5c                FLASH_WaitForLastOperation
 .text.FLASH_Program_DoubleWord
                0x0000000020004edc       0x64 ./Drivers/STM32F4xx_HAL_Driver/Src/stm32f4xx_hal_flash.o
 .text.FLASH_Program_Word
                0x0000000020004f40       0x44 ./Drivers/STM32F4xx_HAL_Driver/Src/stm32f4xx_hal_flash.o
 .text.FLASH_Program_HalfWord
                0x0000000020004f84       0x48 ./Drivers/STM32F4xx_HAL_Driver/Src/stm32f4xx_hal_flash.o
 .text.FLASH_Program_Byte
                0x0000000020004fcc       0x44 ./Drivers/STM32F4xx_HAL_Driver/Src/stm32f4xx_hal_flash.o
 .text.FLASH_SetErrorCode
                0x0000000020005010       0xcc ./Drivers/STM32F4xx_HAL_Driver/Src/stm32f4xx_hal_flash.o
 .text.HAL_FLASHEx_Erase
                0x00000000200050dc       0xe0 ./Drivers/STM32F4xx_HAL_Driver/Src/stm32f4xx_hal_flash_ex.o
                0x00000000200050dc                HAL_FLASHEx_Erase
 .text.HAL_FLASHEx_Erase_IT
                0x00000000200051bc       0xac ./Drivers/STM32F4xx_HAL_Driver/Src/stm32f4xx_hal_flash_ex.o
                0x00000000200051bc                HAL_FLASHEx_Erase_IT
 .text.HAL_FLASHEx_OBProgram
                0x0000000020005268       0xdc ./Drivers/STM32F4xx_HAL_Driver/Src/stm32f4xx_hal_flash_ex.o
                0x0000000020005268                HAL_FLASHEx_OBProgram
 .text.HAL_FLASHEx_OBGetConfig
                0x0000000020005344       0x46 ./Drivers/STM32F4xx_HAL_Driver/Src/stm32f4xx_hal_flash_ex.o
                0x0000000020005344                HAL_FLASHEx_OBGetConfig
 .text.HAL_FLASHEx_AdvOBProgram
                0x000000002000538a       0x48 ./Drivers/STM32F4xx_HAL_Driver/Src/stm32f4xx_hal_flash_ex.o
                0x000000002000538a                HAL_FLASHEx_AdvOBProgram
 *fill*         0x00000000200053d2        0x2 
 .text.HAL_FLASHEx_AdvOBGetConfig
                0x00000000200053d4       0x24 ./Drivers/STM32F4xx_HAL_Driver/Src/stm32f4xx_hal_flash_ex.o
                0x00000000200053d4                HAL_FLASHEx_AdvOBGetConfig
 .text.HAL_FLASHEx_OB_SelectPCROP
                0x00000000200053f8       0x34 ./Drivers/STM32F4xx_HAL_Driver/Src/stm32f4xx_hal_flash_ex.o
                0x00000000200053f8                HAL_FLASHEx_OB_SelectPCROP
 .text.HAL_FLASHEx_OB_DeSelectPCROP
                0x000000002000542c       0x30 ./Drivers/STM32F4xx_HAL_Driver/Src/stm32f4xx_hal_flash_ex.o
                0x000000002000542c                HAL_FLASHEx_OB_DeSelectPCROP
 .text.FLASH_MassErase
                0x000000002000545c       0x48 ./Drivers/STM32F4xx_HAL_Driver/Src/stm32f4xx_hal_flash_ex.o
 .text.FLASH_Erase_Sector
                0x00000000200054a4       0x90 ./Drivers/STM32F4xx_HAL_Driver/Src/stm32f4xx_hal_flash_ex.o
                0x00000000200054a4                FLASH_Erase_Sector
 .text.FLASH_OB_EnableWRP
                0x0000000020005534       0x44 ./Drivers/STM32F4xx_HAL_Driver/Src/stm32f4xx_hal_flash_ex.o
 .text.FLASH_OB_DisableWRP
                0x0000000020005578       0x40 ./Drivers/STM32F4xx_HAL_Driver/Src/stm32f4xx_hal_flash_ex.o
 .text.FLASH_OB_EnablePCROP
                0x00000000200055b8       0x40 ./Drivers/STM32F4xx_HAL_Driver/Src/stm32f4xx_hal_flash_ex.o
 .text.FLASH_OB_DisablePCROP
                0x00000000200055f8       0x44 ./Drivers/STM32F4xx_HAL_Driver/Src/stm32f4xx_hal_flash_ex.o
 .text.FLASH_OB_RDP_LevelConfig
                0x000000002000563c       0x34 ./Drivers/STM32F4xx_HAL_Driver/Src/stm32f4xx_hal_flash_ex.o
 .text.FLASH_OB_UserConfig
                0x0000000020005670       0x60 ./Drivers/STM32F4xx_HAL_Driver/Src/stm32f4xx_hal_flash_ex.o
 .text.FLASH_OB_BOR_LevelConfig
                0x00000000200056d0       0x3c ./Drivers/STM32F4xx_HAL_Driver/Src/stm32f4xx_hal_flash_ex.o
 .text.FLASH_OB_GetUser
                0x000000002000570c       0x20 ./Drivers/STM32F4xx_HAL_Driver/Src/stm32f4xx_hal_flash_ex.o
 .text.FLASH_OB_GetWRP
                0x000000002000572c       0x18 ./Drivers/STM32F4xx_HAL_Driver/Src/stm32f4xx_hal_flash_ex.o
 .text.FLASH_OB_GetRDP
                0x0000000020005744       0x40 ./Drivers/STM32F4xx_HAL_Driver/Src/stm32f4xx_hal_flash_ex.o
 .text.FLASH_OB_GetBOR
                0x0000000020005784       0x20 ./Drivers/STM32F4xx_HAL_Driver/Src/stm32f4xx_hal_flash_ex.o
 .text.FLASH_FlushCaches
                0x00000000200057a4       0x8c ./Drivers/STM32F4xx_HAL_Driver/Src/stm32f4xx_hal_flash_ex.o
                0x00000000200057a4                FLASH_FlushCaches
 .text.HAL_GPIO_Init
                0x0000000020005830      0x328 ./Drivers/STM32F4xx_HAL_Driver/Src/stm32f4xx_hal_gpio.o
                0x0000000020005830                HAL_GPIO_Init
 .text.HAL_GPIO_DeInit
                0x0000000020005b58      0x1e8 ./Drivers/STM32F4xx_HAL_Driver/Src/stm32f4xx_hal_gpio.o
                0x0000000020005b58                HAL_GPIO_DeInit
 .text.HAL_GPIO_ReadPin
                0x0000000020005d40       0x30 ./Drivers/STM32F4xx_HAL_Driver/Src/stm32f4xx_hal_gpio.o
                0x0000000020005d40                HAL_GPIO_ReadPin
 .text.HAL_GPIO_WritePin
                0x0000000020005d70       0x32 ./Drivers/STM32F4xx_HAL_Driver/Src/stm32f4xx_hal_gpio.o
                0x0000000020005d70                HAL_GPIO_WritePin
 .text.HAL_GPIO_TogglePin
                0x0000000020005da2       0x34 ./Drivers/STM32F4xx_HAL_Driver/Src/stm32f4xx_hal_gpio.o
                0x0000000020005da2                HAL_GPIO_TogglePin
 .text.HAL_GPIO_LockPin
                0x0000000020005dd6       0x50 ./Drivers/STM32F4xx_HAL_Driver/Src/stm32f4xx_hal_gpio.o
                0x0000000020005dd6                HAL_GPIO_LockPin
 *fill*         0x0000000020005e26        0x2 
 .text.HAL_GPIO_EXTI_IRQHandler
                0x0000000020005e28       0x30 ./Drivers/STM32F4xx_HAL_Driver/Src/stm32f4xx_hal_gpio.o
                0x0000000020005e28                HAL_GPIO_EXTI_IRQHandler
 .text.HAL_GPIO_EXTI_Callback
                0x0000000020005e58       0x16 ./Drivers/STM32F4xx_HAL_Driver/Src/stm32f4xx_hal_gpio.o
                0x0000000020005e58                HAL_GPIO_EXTI_Callback
 *fill*         0x0000000020005e6e        0x2 
 .text.HAL_PWR_DeInit
                0x0000000020005e70       0x2c ./Drivers/STM32F4xx_HAL_Driver/Src/stm32f4xx_hal_pwr.o
                0x0000000020005e70                HAL_PWR_DeInit
 .text.HAL_PWR_EnableBkUpAccess
                0x0000000020005e9c       0x28 ./Drivers/STM32F4xx_HAL_Driver/Src/stm32f4xx_hal_pwr.o
                0x0000000020005e9c                HAL_PWR_EnableBkUpAccess
 .text.HAL_PWR_DisableBkUpAccess
                0x0000000020005ec4       0x28 ./Drivers/STM32F4xx_HAL_Driver/Src/stm32f4xx_hal_pwr.o
                0x0000000020005ec4                HAL_PWR_DisableBkUpAccess
 .text.HAL_PWR_ConfigPVD
                0x0000000020005eec       0xc0 ./Drivers/STM32F4xx_HAL_Driver/Src/stm32f4xx_hal_pwr.o
                0x0000000020005eec                HAL_PWR_ConfigPVD
 .text.HAL_PWR_EnablePVD
                0x0000000020005fac       0x18 ./Drivers/STM32F4xx_HAL_Driver/Src/stm32f4xx_hal_pwr.o
                0x0000000020005fac                HAL_PWR_EnablePVD
 .text.HAL_PWR_DisablePVD
                0x0000000020005fc4       0x18 ./Drivers/STM32F4xx_HAL_Driver/Src/stm32f4xx_hal_pwr.o
                0x0000000020005fc4                HAL_PWR_DisablePVD
 .text.HAL_PWR_EnableWakeUpPin
                0x0000000020005fdc       0x24 ./Drivers/STM32F4xx_HAL_Driver/Src/stm32f4xx_hal_pwr.o
                0x0000000020005fdc                HAL_PWR_EnableWakeUpPin
 .text.HAL_PWR_DisableWakeUpPin
                0x0000000020006000       0x28 ./Drivers/STM32F4xx_HAL_Driver/Src/stm32f4xx_hal_pwr.o
                0x0000000020006000                HAL_PWR_DisableWakeUpPin
 .text.HAL_PWR_EnterSLEEPMode
                0x0000000020006028       0x38 ./Drivers/STM32F4xx_HAL_Driver/Src/stm32f4xx_hal_pwr.o
                0x0000000020006028                HAL_PWR_EnterSLEEPMode
 .text.HAL_PWR_EnterSTOPMode
                0x0000000020006060       0x58 ./Drivers/STM32F4xx_HAL_Driver/Src/stm32f4xx_hal_pwr.o
                0x0000000020006060                HAL_PWR_EnterSTOPMode
 .text.HAL_PWR_EnterSTANDBYMode
                0x00000000200060b8       0x30 ./Drivers/STM32F4xx_HAL_Driver/Src/stm32f4xx_hal_pwr.o
                0x00000000200060b8                HAL_PWR_EnterSTANDBYMode
 .text.HAL_PWR_PVD_IRQHandler
                0x00000000200060e8       0x24 ./Drivers/STM32F4xx_HAL_Driver/Src/stm32f4xx_hal_pwr.o
                0x00000000200060e8                HAL_PWR_PVD_IRQHandler
 .text.HAL_PWR_PVDCallback
                0x000000002000610c        0xe ./Drivers/STM32F4xx_HAL_Driver/Src/stm32f4xx_hal_pwr.o
                0x000000002000610c                HAL_PWR_PVDCallback
 *fill*         0x000000002000611a        0x2 
 .text.HAL_PWR_EnableSleepOnExit
                0x000000002000611c       0x20 ./Drivers/STM32F4xx_HAL_Driver/Src/stm32f4xx_hal_pwr.o
                0x000000002000611c                HAL_PWR_EnableSleepOnExit
 .text.HAL_PWR_DisableSleepOnExit
                0x000000002000613c       0x20 ./Drivers/STM32F4xx_HAL_Driver/Src/stm32f4xx_hal_pwr.o
                0x000000002000613c                HAL_PWR_DisableSleepOnExit
 .text.HAL_PWR_EnableSEVOnPend
                0x000000002000615c       0x20 ./Drivers/STM32F4xx_HAL_Driver/Src/stm32f4xx_hal_pwr.o
                0x000000002000615c                HAL_PWR_EnableSEVOnPend
 .text.HAL_PWR_DisableSEVOnPend
                0x000000002000617c       0x20 ./Drivers/STM32F4xx_HAL_Driver/Src/stm32f4xx_hal_pwr.o
                0x000000002000617c                HAL_PWR_DisableSEVOnPend
 .text.HAL_PWREx_EnableBkUpReg
                0x000000002000619c       0x4c ./Drivers/STM32F4xx_HAL_Driver/Src/stm32f4xx_hal_pwr_ex.o
                0x000000002000619c                HAL_PWREx_EnableBkUpReg
 .text.HAL_PWREx_DisableBkUpReg
                0x00000000200061e8       0x4c ./Drivers/STM32F4xx_HAL_Driver/Src/stm32f4xx_hal_pwr_ex.o
                0x00000000200061e8                HAL_PWREx_DisableBkUpReg
 .text.HAL_PWREx_EnableFlashPowerDown
                0x0000000020006234       0x18 ./Drivers/STM32F4xx_HAL_Driver/Src/stm32f4xx_hal_pwr_ex.o
                0x0000000020006234                HAL_PWREx_EnableFlashPowerDown
 .text.HAL_PWREx_DisableFlashPowerDown
                0x000000002000624c       0x18 ./Drivers/STM32F4xx_HAL_Driver/Src/stm32f4xx_hal_pwr_ex.o
                0x000000002000624c                HAL_PWREx_DisableFlashPowerDown
 .text.HAL_PWREx_GetVoltageRange
                0x0000000020006264       0x1c ./Drivers/STM32F4xx_HAL_Driver/Src/stm32f4xx_hal_pwr_ex.o
                0x0000000020006264                HAL_PWREx_GetVoltageRange
 .text.HAL_PWREx_ControlVoltageScaling
                0x0000000020006280       0xf4 ./Drivers/STM32F4xx_HAL_Driver/Src/stm32f4xx_hal_pwr_ex.o
                0x0000000020006280                HAL_PWREx_ControlVoltageScaling
 .text.HAL_PWREx_EnableOverDrive
                0x0000000020006374       0xa0 ./Drivers/STM32F4xx_HAL_Driver/Src/stm32f4xx_hal_pwr_ex.o
                0x0000000020006374                HAL_PWREx_EnableOverDrive
 .text.HAL_PWREx_DisableOverDrive
                0x0000000020006414       0xa0 ./Drivers/STM32F4xx_HAL_Driver/Src/stm32f4xx_hal_pwr_ex.o
                0x0000000020006414                HAL_PWREx_DisableOverDrive
 .text.HAL_PWREx_EnterUnderDriveSTOPMode
                0x00000000200064b4       0xa4 ./Drivers/STM32F4xx_HAL_Driver/Src/stm32f4xx_hal_pwr_ex.o
                0x00000000200064b4                HAL_PWREx_EnterUnderDriveSTOPMode
 .text.HAL_RCC_DeInit
                0x0000000020006558       0x10 ./Drivers/STM32F4xx_HAL_Driver/Src/stm32f4xx_hal_rcc.o
 .text.HAL_RCC_OscConfig
                0x0000000020006568      0x500 ./Drivers/STM32F4xx_HAL_Driver/Src/stm32f4xx_hal_rcc.o
 .text.HAL_RCC_ClockConfig
                0x0000000020006a68      0x1cc ./Drivers/STM32F4xx_HAL_Driver/Src/stm32f4xx_hal_rcc.o
                0x0000000020006a68                HAL_RCC_ClockConfig
 .text.HAL_RCC_MCOConfig
                0x0000000020006c34       0xd0 ./Drivers/STM32F4xx_HAL_Driver/Src/stm32f4xx_hal_rcc.o
                0x0000000020006c34                HAL_RCC_MCOConfig
 .text.HAL_RCC_EnableCSS
                0x0000000020006d04       0x18 ./Drivers/STM32F4xx_HAL_Driver/Src/stm32f4xx_hal_rcc.o
                0x0000000020006d04                HAL_RCC_EnableCSS
 .text.HAL_RCC_DisableCSS
                0x0000000020006d1c       0x18 ./Drivers/STM32F4xx_HAL_Driver/Src/stm32f4xx_hal_rcc.o
                0x0000000020006d1c                HAL_RCC_DisableCSS
 .text.HAL_RCC_GetSysClockFreq
                0x0000000020006d34      0x20c ./Drivers/STM32F4xx_HAL_Driver/Src/stm32f4xx_hal_rcc.o
 .text.HAL_RCC_GetHCLKFreq
                0x0000000020006f40       0x18 ./Drivers/STM32F4xx_HAL_Driver/Src/stm32f4xx_hal_rcc.o
                0x0000000020006f40                HAL_RCC_GetHCLKFreq
 .text.HAL_RCC_GetPCLK1Freq
                0x0000000020006f58       0x28 ./Drivers/STM32F4xx_HAL_Driver/Src/stm32f4xx_hal_rcc.o
                0x0000000020006f58                HAL_RCC_GetPCLK1Freq
 .text.HAL_RCC_GetPCLK2Freq
                0x0000000020006f80       0x28 ./Drivers/STM32F4xx_HAL_Driver/Src/stm32f4xx_hal_rcc.o
                0x0000000020006f80                HAL_RCC_GetPCLK2Freq
 .text.HAL_RCC_GetOscConfig
                0x0000000020006fa8      0x128 ./Drivers/STM32F4xx_HAL_Driver/Src/stm32f4xx_hal_rcc.o
 .text.HAL_RCC_GetClockConfig
                0x00000000200070d0       0x64 ./Drivers/STM32F4xx_HAL_Driver/Src/stm32f4xx_hal_rcc.o
                0x00000000200070d0                HAL_RCC_GetClockConfig
 .text.HAL_RCC_NMI_IRQHandler
                0x0000000020007134       0x28 ./Drivers/STM32F4xx_HAL_Driver/Src/stm32f4xx_hal_rcc.o
                0x0000000020007134                HAL_RCC_NMI_IRQHandler
 .text.HAL_RCC_CSSCallback
                0x000000002000715c        0xe ./Drivers/STM32F4xx_HAL_Driver/Src/stm32f4xx_hal_rcc.o
                0x000000002000715c                HAL_RCC_CSSCallback
 *fill*         0x000000002000716a        0x2 
 .text.HAL_RCCEx_PeriphCLKConfig
                0x000000002000716c      0x654 ./Drivers/STM32F4xx_HAL_Driver/Src/stm32f4xx_hal_rcc_ex.o
                0x000000002000716c                HAL_RCCEx_PeriphCLKConfig
 .text.HAL_RCCEx_GetPeriphCLKConfig
                0x00000000200077c0      0x18c ./Drivers/STM32F4xx_HAL_Driver/Src/stm32f4xx_hal_rcc_ex.o
                0x00000000200077c0                HAL_RCCEx_GetPeriphCLKConfig
 .text.HAL_RCCEx_GetPeriphCLKFreq
                0x000000002000794c      0x490 ./Drivers/STM32F4xx_HAL_Driver/Src/stm32f4xx_hal_rcc_ex.o
                0x000000002000794c                HAL_RCCEx_GetPeriphCLKFreq
 .text.HAL_RCCEx_SelectLSEMode
                0x0000000020007ddc       0x3c ./Drivers/STM32F4xx_HAL_Driver/Src/stm32f4xx_hal_rcc_ex.o
                0x0000000020007ddc                HAL_RCCEx_SelectLSEMode
 .text.HAL_RCCEx_EnablePLLI2S
                0x0000000020007e18       0xa0 ./Drivers/STM32F4xx_HAL_Driver/Src/stm32f4xx_hal_rcc_ex.o
                0x0000000020007e18                HAL_RCCEx_EnablePLLI2S
 .text.HAL_RCCEx_DisablePLLI2S
                0x0000000020007eb8       0x44 ./Drivers/STM32F4xx_HAL_Driver/Src/stm32f4xx_hal_rcc_ex.o
                0x0000000020007eb8                HAL_RCCEx_DisablePLLI2S
 .text.HAL_RCCEx_EnablePLLSAI
                0x0000000020007efc       0x9c ./Drivers/STM32F4xx_HAL_Driver/Src/stm32f4xx_hal_rcc_ex.o
                0x0000000020007efc                HAL_RCCEx_EnablePLLSAI
 .text.HAL_RCCEx_DisablePLLSAI
                0x0000000020007f98       0x48 ./Drivers/STM32F4xx_HAL_Driver/Src/stm32f4xx_hal_rcc_ex.o
                0x0000000020007f98                HAL_RCCEx_DisablePLLSAI
 .text.HAL_RCC_GetSysClockFreq
                0x0000000020007fe0      0x460 ./Drivers/STM32F4xx_HAL_Driver/Src/stm32f4xx_hal_rcc_ex.o
                0x0000000020007fe0                HAL_RCC_GetSysClockFreq
 .text.HAL_RCC_DeInit
                0x0000000020008440      0x1f0 ./Drivers/STM32F4xx_HAL_Driver/Src/stm32f4xx_hal_rcc_ex.o
                0x0000000020008440                HAL_RCC_DeInit
 .text.HAL_RCC_OscConfig
                0x0000000020008630      0x53c ./Drivers/STM32F4xx_HAL_Driver/Src/stm32f4xx_hal_rcc_ex.o
                0x0000000020008630                HAL_RCC_OscConfig
 .text.HAL_RCC_GetOscConfig
                0x0000000020008b6c      0x138 ./Drivers/STM32F4xx_HAL_Driver/Src/stm32f4xx_hal_rcc_ex.o
                0x0000000020008b6c                HAL_RCC_GetOscConfig
 .text.HAL_SPI_Init
                0x0000000020008ca4      0x112 ./Drivers/STM32F4xx_HAL_Driver/Src/stm32f4xx_hal_spi.o
                0x0000000020008ca4                HAL_SPI_Init
 .text.HAL_SPI_DeInit
                0x0000000020008db6       0x50 ./Drivers/STM32F4xx_HAL_Driver/Src/stm32f4xx_hal_spi.o
                0x0000000020008db6                HAL_SPI_DeInit
 .text.HAL_SPI_MspInit
                0x0000000020008e06       0x14 ./Drivers/STM32F4xx_HAL_Driver/Src/stm32f4xx_hal_spi.o
 .text.HAL_SPI_MspDeInit
                0x0000000020008e1a       0x14 ./Drivers/STM32F4xx_HAL_Driver/Src/stm32f4xx_hal_spi.o
 .text.HAL_SPI_Transmit
                0x0000000020008e2e      0x278 ./Drivers/STM32F4xx_HAL_Driver/Src/stm32f4xx_hal_spi.o
                0x0000000020008e2e                HAL_SPI_Transmit
 .text.HAL_SPI_Receive
                0x00000000200090a6      0x222 ./Drivers/STM32F4xx_HAL_Driver/Src/stm32f4xx_hal_spi.o
                0x00000000200090a6                HAL_SPI_Receive
 .text.HAL_SPI_TransmitReceive
                0x00000000200092c8      0x344 ./Drivers/STM32F4xx_HAL_Driver/Src/stm32f4xx_hal_spi.o
                0x00000000200092c8                HAL_SPI_TransmitReceive
 .text.HAL_SPI_Transmit_IT
                0x000000002000960c      0x114 ./Drivers/STM32F4xx_HAL_Driver/Src/stm32f4xx_hal_spi.o
                0x000000002000960c                HAL_SPI_Transmit_IT
 .text.HAL_SPI_Receive_IT
                0x0000000020009720      0x13c ./Drivers/STM32F4xx_HAL_Driver/Src/stm32f4xx_hal_spi.o
                0x0000000020009720                HAL_SPI_Receive_IT
 .text.HAL_SPI_TransmitReceive_IT
                0x000000002000985c      0x128 ./Drivers/STM32F4xx_HAL_Driver/Src/stm32f4xx_hal_spi.o
                0x000000002000985c                HAL_SPI_TransmitReceive_IT
 .text.HAL_SPI_Transmit_DMA
                0x0000000020009984      0x16c ./Drivers/STM32F4xx_HAL_Driver/Src/stm32f4xx_hal_spi.o
                0x0000000020009984                HAL_SPI_Transmit_DMA
 .text.HAL_SPI_Receive_DMA
                0x0000000020009af0      0x190 ./Drivers/STM32F4xx_HAL_Driver/Src/stm32f4xx_hal_spi.o
                0x0000000020009af0                HAL_SPI_Receive_DMA
 .text.HAL_SPI_TransmitReceive_DMA
                0x0000000020009c80      0x204 ./Drivers/STM32F4xx_HAL_Driver/Src/stm32f4xx_hal_spi.o
                0x0000000020009c80                HAL_SPI_TransmitReceive_DMA
 .text.HAL_SPI_Abort
                0x0000000020009e84      0x1d8 ./Drivers/STM32F4xx_HAL_Driver/Src/stm32f4xx_hal_spi.o
                0x0000000020009e84                HAL_SPI_Abort
 .text.HAL_SPI_Abort_IT
                0x000000002000a05c      0x1f4 ./Drivers/STM32F4xx_HAL_Driver/Src/stm32f4xx_hal_spi.o
                0x000000002000a05c                HAL_SPI_Abort_IT
 .text.HAL_SPI_DMAPause
                0x000000002000a250       0x44 ./Drivers/STM32F4xx_HAL_Driver/Src/stm32f4xx_hal_spi.o
                0x000000002000a250                HAL_SPI_DMAPause
 .text.HAL_SPI_DMAResume
                0x000000002000a294       0x44 ./Drivers/STM32F4xx_HAL_Driver/Src/stm32f4xx_hal_spi.o
                0x000000002000a294                HAL_SPI_DMAResume
 .text.HAL_SPI_DMAStop
                0x000000002000a2d8       0x7e ./Drivers/STM32F4xx_HAL_Driver/Src/stm32f4xx_hal_spi.o
                0x000000002000a2d8                HAL_SPI_DMAStop
 *fill*         0x000000002000a356        0x2 
 .text.HAL_SPI_IRQHandler
                0x000000002000a358      0x200 ./Drivers/STM32F4xx_HAL_Driver/Src/stm32f4xx_hal_spi.o
                0x000000002000a358                HAL_SPI_IRQHandler
 .text.HAL_SPI_TxCpltCallback
                0x000000002000a558       0x14 ./Drivers/STM32F4xx_HAL_Driver/Src/stm32f4xx_hal_spi.o
                0x000000002000a558                HAL_SPI_TxCpltCallback
 .text.HAL_SPI_RxCpltCallback
                0x000000002000a56c       0x14 ./Drivers/STM32F4xx_HAL_Driver/Src/stm32f4xx_hal_spi.o
                0x000000002000a56c                HAL_SPI_RxCpltCallback
 .text.HAL_SPI_TxRxCpltCallback
                0x000000002000a580       0x14 ./Drivers/STM32F4xx_HAL_Driver/Src/stm32f4xx_hal_spi.o
                0x000000002000a580                HAL_SPI_TxRxCpltCallback
 .text.HAL_SPI_TxHalfCpltCallback
                0x000000002000a594       0x14 ./Drivers/STM32F4xx_HAL_Driver/Src/stm32f4xx_hal_spi.o
                0x000000002000a594                HAL_SPI_TxHalfCpltCallback
 .text.HAL_SPI_RxHalfCpltCallback
                0x000000002000a5a8       0x14 ./Drivers/STM32F4xx_HAL_Driver/Src/stm32f4xx_hal_spi.o
                0x000000002000a5a8                HAL_SPI_RxHalfCpltCallback
 .text.HAL_SPI_TxRxHalfCpltCallback
                0x000000002000a5bc       0x14 ./Drivers/STM32F4xx_HAL_Driver/Src/stm32f4xx_hal_spi.o
                0x000000002000a5bc                HAL_SPI_TxRxHalfCpltCallback
 .text.HAL_SPI_ErrorCallback
                0x000000002000a5d0       0x14 ./Drivers/STM32F4xx_HAL_Driver/Src/stm32f4xx_hal_spi.o
                0x000000002000a5d0                HAL_SPI_ErrorCallback
 .text.HAL_SPI_AbortCpltCallback
                0x000000002000a5e4       0x14 ./Drivers/STM32F4xx_HAL_Driver/Src/stm32f4xx_hal_spi.o
                0x000000002000a5e4                HAL_SPI_AbortCpltCallback
 .text.HAL_SPI_GetState
                0x000000002000a5f8       0x1c ./Drivers/STM32F4xx_HAL_Driver/Src/stm32f4xx_hal_spi.o
                0x000000002000a5f8                HAL_SPI_GetState
 .text.HAL_SPI_GetError
                0x000000002000a614       0x18 ./Drivers/STM32F4xx_HAL_Driver/Src/stm32f4xx_hal_spi.o
                0x000000002000a614                HAL_SPI_GetError
 .text.SPI_DMATransmitCplt
                0x000000002000a62c       0xa8 ./Drivers/STM32F4xx_HAL_Driver/Src/stm32f4xx_hal_spi.o
 .text.SPI_DMAReceiveCplt
                0x000000002000a6d4       0xa8 ./Drivers/STM32F4xx_HAL_Driver/Src/stm32f4xx_hal_spi.o
 .text.SPI_DMATransmitReceiveCplt
                0x000000002000a77c       0x90 ./Drivers/STM32F4xx_HAL_Driver/Src/stm32f4xx_hal_spi.o
 .text.SPI_DMAHalfTransmitCplt
                0x000000002000a80c       0x1c ./Drivers/STM32F4xx_HAL_Driver/Src/stm32f4xx_hal_spi.o
 .text.SPI_DMAHalfReceiveCplt
                0x000000002000a828       0x1c ./Drivers/STM32F4xx_HAL_Driver/Src/stm32f4xx_hal_spi.o
 .text.SPI_DMAHalfTransmitReceiveCplt
                0x000000002000a844       0x1c ./Drivers/STM32F4xx_HAL_Driver/Src/stm32f4xx_hal_spi.o
 .text.SPI_DMAError
                0x000000002000a860       0x40 ./Drivers/STM32F4xx_HAL_Driver/Src/stm32f4xx_hal_spi.o
 .text.SPI_DMAAbortOnError
                0x000000002000a8a0       0x28 ./Drivers/STM32F4xx_HAL_Driver/Src/stm32f4xx_hal_spi.o
 .text.SPI_DMATxAbortCallback
                0x000000002000a8c8       0xd4 ./Drivers/STM32F4xx_HAL_Driver/Src/stm32f4xx_hal_spi.o
 .text.SPI_DMARxAbortCallback
                0x000000002000a99c       0xc0 ./Drivers/STM32F4xx_HAL_Driver/Src/stm32f4xx_hal_spi.o
 .text.SPI_2linesRxISR_8BIT
                0x000000002000aa5c       0x64 ./Drivers/STM32F4xx_HAL_Driver/Src/stm32f4xx_hal_spi.o
 .text.SPI_2linesTxISR_8BIT
                0x000000002000aac0       0x60 ./Drivers/STM32F4xx_HAL_Driver/Src/stm32f4xx_hal_spi.o
 .text.SPI_2linesRxISR_16BIT
                0x000000002000ab20       0x60 ./Drivers/STM32F4xx_HAL_Driver/Src/stm32f4xx_hal_spi.o
 .text.SPI_2linesTxISR_16BIT
                0x000000002000ab80       0x5e ./Drivers/STM32F4xx_HAL_Driver/Src/stm32f4xx_hal_spi.o
 .text.SPI_RxISR_8BIT
                0x000000002000abde       0x4a ./Drivers/STM32F4xx_HAL_Driver/Src/stm32f4xx_hal_spi.o
 .text.SPI_RxISR_16BIT
                0x000000002000ac28       0x46 ./Drivers/STM32F4xx_HAL_Driver/Src/stm32f4xx_hal_spi.o
 .text.SPI_TxISR_8BIT
                0x000000002000ac6e       0x46 ./Drivers/STM32F4xx_HAL_Driver/Src/stm32f4xx_hal_spi.o
 .text.SPI_TxISR_16BIT
                0x000000002000acb4       0x44 ./Drivers/STM32F4xx_HAL_Driver/Src/stm32f4xx_hal_spi.o
 .text.SPI_WaitFlagStateUntilTimeout
                0x000000002000acf8      0x110 ./Drivers/STM32F4xx_HAL_Driver/Src/stm32f4xx_hal_spi.o
 .text.SPI_EndRxTransaction
                0x000000002000ae08       0xca ./Drivers/STM32F4xx_HAL_Driver/Src/stm32f4xx_hal_spi.o
 *fill*         0x000000002000aed2        0x2 
 .text.SPI_EndRxTxTransaction
                0x000000002000aed4       0x84 ./Drivers/STM32F4xx_HAL_Driver/Src/stm32f4xx_hal_spi.o
 .text.SPI_CloseRxTx_ISR
                0x000000002000af58       0xe8 ./Drivers/STM32F4xx_HAL_Driver/Src/stm32f4xx_hal_spi.o
 .text.SPI_CloseRx_ISR
                0x000000002000b040       0x7e ./Drivers/STM32F4xx_HAL_Driver/Src/stm32f4xx_hal_spi.o
 *fill*         0x000000002000b0be        0x2 
 .text.SPI_CloseTx_ISR
                0x000000002000b0c0       0xc4 ./Drivers/STM32F4xx_HAL_Driver/Src/stm32f4xx_hal_spi.o
 .text.SPI_AbortRx_ISR
                0x000000002000b184       0x90 ./Drivers/STM32F4xx_HAL_Driver/Src/stm32f4xx_hal_spi.o
 .text.SPI_AbortTx_ISR
                0x000000002000b214       0x3c ./Drivers/STM32F4xx_HAL_Driver/Src/stm32f4xx_hal_spi.o
 .text.__errno  0x000000002000b250        0xc /opt/st/stm32cubeide_1.11.2/plugins/com.st.stm32cube.ide.mcu.externaltools.gnu-tools-for-stm32.10.3-2021.10.linux64_1.0.100.202210260954/tools/bin/../lib/gcc/arm-none-eabi/10.3.1/../../../../arm-none-eabi/lib/thumb/v7e-m+fp/hard/libc_nano.a(lib_a-errno.o)
                0x000000002000b250                __errno
 .text.exit     0x000000002000b25c       0x28 /opt/st/stm32cubeide_1.11.2/plugins/com.st.stm32cube.ide.mcu.externaltools.gnu-tools-for-stm32.10.3-2021.10.linux64_1.0.100.202210260954/tools/bin/../lib/gcc/arm-none-eabi/10.3.1/../../../../arm-none-eabi/lib/thumb/v7e-m+fp/hard/libc_nano.a(lib_a-exit.o)
                0x000000002000b25c                exit
 .text.__libc_init_array
                0x000000002000b284       0x48 /opt/st/stm32cubeide_1.11.2/plugins/com.st.stm32cube.ide.mcu.externaltools.gnu-tools-for-stm32.10.3-2021.10.linux64_1.0.100.202210260954/tools/bin/../lib/gcc/arm-none-eabi/10.3.1/../../../../arm-none-eabi/lib/thumb/v7e-m+fp/hard/libc_nano.a(lib_a-init.o)
                0x000000002000b284                __libc_init_array
 .text.memset   0x000000002000b2cc       0x10 /opt/st/stm32cubeide_1.11.2/plugins/com.st.stm32cube.ide.mcu.externaltools.gnu-tools-for-stm32.10.3-2021.10.linux64_1.0.100.202210260954/tools/bin/../lib/gcc/arm-none-eabi/10.3.1/../../../../arm-none-eabi/lib/thumb/v7e-m+fp/hard/libc_nano.a(lib_a-memset.o)
                0x000000002000b2cc                memset
 *(.init)
 .init          0x000000002000b2dc        0x4 /opt/st/stm32cubeide_1.11.2/plugins/com.st.stm32cube.ide.mcu.externaltools.gnu-tools-for-stm32.10.3-2021.10.linux64_1.0.100.202210260954/tools/bin/../lib/gcc/arm-none-eabi/10.3.1/thumb/v7e-m+fp/hard/crti.o
                0x000000002000b2dc                _init
 .init          0x000000002000b2e0        0x8 /opt/st/stm32cubeide_1.11.2/plugins/com.st.stm32cube.ide.mcu.externaltools.gnu-tools-for-stm32.10.3-2021.10.linux64_1.0.100.202210260954/tools/bin/../lib/gcc/arm-none-eabi/10.3.1/thumb/v7e-m+fp/hard/crtn.o
 *(.fini)