../Core/Src/z_flash_W25QXXX.c:37:6:Flash_Select	8	static
../Core/Src/z_flash_W25QXXX.c:49:6:Flash_UnSelect	8	static
../Core/Src/z_flash_W25QXXX.c:59:6:Flash_Receive	16	static
../Core/Src/z_flash_W25QXXX.c:71:6:Flash_Polling_Transmit	16	static
../Core/Src/z_flash_W25QXXX.c:86:6:Flash_Transmit	16	static
../Core/Src/z_flash_W25QXXX.c:107:6:Flash_WaitForWritingComplete	16	static
../Core/Src/z_flash_W25QXXX.c:132:6:Flash_Read	32	static
../Core/Src/z_flash_W25QXXX.c:171:6:Flash_SimpleWriteAPage	32	static
../Core/Src/z_flash_W25QXXX.c:198:6:Flash_Write	40	static
../Core/Src/z_flash_W25QXXX.c:250:6:Flash_SErase4k	24	static
../Core/Src/z_flash_W25QXXX.c:278:6:Flash_BErase32k	24	static
../Core/Src/z_flash_W25QXXX.c:307:6:Flash_BErase64k	24	static
../Core/Src/z_flash_W25QXXX.c:333:6:Flash_ChipErase	16	static
../Core/Src/z_flash_W25QXXX.c:356:6:Flash_PowerDown	16	static
../Core/Src/z_flash_W25QXXX.c:374:6:Flash_PowerUp	16	static
../Core/Src/z_flash_W25QXXX.c:391:9:Flash_ReadDevID	16	static
../Core/Src/z_flash_W25QXXX.c:410:10:Flash_ReadManufactutrerAndDevID	16	static
../Core/Src/z_flash_W25QXXX.c:441:10:Flash_ReadJedecID	24	static
../Core/Src/z_flash_W25QXXX.c:461:6:Flash_ReadSFDP	24	static
../Core/Src/z_flash_W25QXXX.c:483:9:Flash_TestAvailability	272	static
../Core/Src/z_flash_W25QXXX.c:508:9:Flash_Init	16	static
../Core/Src/z_flash_W25QXXX.c:524:6:Flash_Reset	16	static
../Core/Src/z_flash_W25QXXX.c:543:6:DataReader_WaitForReceiveDone	4	static
../Core/Src/z_flash_W25QXXX.c:548:6:DataReader_ReadData	24	static
../Core/Src/z_flash_W25QXXX.c:553:6:DataReader_StartDMAReadData	24	static
